2026-07-02 10:03:30 | INFO     | main:3 | 🎬 [WORKER] Hệ thống Logger toàn cục theo phiên đã kích hoạt!
2026-07-02 10:03:37 | DEBUG    | __init__:347 | matplotlib data path: C:\Users\Admin\AppData\Local\Programs\Python\Python312\Lib\site-packages\matplotlib\mpl-data
2026-07-02 10:03:37 | DEBUG    | __init__:347 | CONFIGDIR=C:\Users\Admin\.matplotlib
2026-07-02 10:03:37 | DEBUG    | __init__:1564 | interactive is False
2026-07-02 10:03:37 | DEBUG    | __init__:1565 | platform is win32
2026-07-02 10:03:37 | DEBUG    | __init__:347 | CACHEDIR=C:\Users\Admin\.matplotlib
2026-07-02 10:03:37 | DEBUG    | font_manager:1843 | Using fontManager instance from C:\Users\Admin\.matplotlib\fontlist-v3.11.0.json
2026-07-02 10:03:38 | DEBUG    | loader:96 | Environment variable FAISS_OPT_LEVEL is not set, so let's pick the instruction set according to the current CPU
2026-07-02 10:03:38 | INFO     | loader:132 | Loading faiss with AVX2 support.
2026-07-02 10:03:38 | INFO     | loader:137 | Could not load library with AVX2 support due to:
ModuleNotFoundError("No module named 'faiss.swigfaiss_avx2'")
2026-07-02 10:03:38 | INFO     | loader:156 | Loading faiss.
2026-07-02 10:03:38 | INFO     | loader:158 | Successfully loaded faiss.
2026-07-02 10:03:38 | INFO     | main:3 | 🎬 [WORKER] Hệ thống Logger toàn cục theo phiên đã kích hoạt!
2026-07-02 10:03:44 | DEBUG    | __init__:347 | matplotlib data path: C:\Users\Admin\AppData\Local\Programs\Python\Python312\Lib\site-packages\matplotlib\mpl-data
2026-07-02 10:03:44 | DEBUG    | __init__:347 | CONFIGDIR=C:\Users\Admin\.matplotlib
2026-07-02 10:03:44 | DEBUG    | __init__:1564 | interactive is False
2026-07-02 10:03:44 | DEBUG    | __init__:1565 | platform is win32
2026-07-02 10:03:44 | DEBUG    | __init__:347 | CACHEDIR=C:\Users\Admin\.matplotlib
2026-07-02 10:03:44 | DEBUG    | font_manager:1843 | Using fontManager instance from C:\Users\Admin\.matplotlib\fontlist-v3.11.0.json
2026-07-02 10:03:44 | DEBUG    | loader:96 | Environment variable FAISS_OPT_LEVEL is not set, so let's pick the instruction set according to the current CPU
2026-07-02 10:03:44 | INFO     | loader:132 | Loading faiss with AVX2 support.
2026-07-02 10:03:44 | INFO     | loader:137 | Could not load library with AVX2 support due to:
ModuleNotFoundError("No module named 'faiss.swigfaiss_avx2'")
2026-07-02 10:03:44 | INFO     | loader:156 | Loading faiss.
2026-07-02 10:03:44 | INFO     | loader:158 | Successfully loaded faiss.
2026-07-02 10:03:46 | INFO     | main:63 | 
=======================================================
2026-07-02 10:03:46 | INFO     | main:64 | 🤖 WORKER YOLO AI ĐÃ SẴN SÀNG - ĐANG CHỜ MASTER GIAO VIỆC
2026-07-02 10:03:46 | INFO     | main:65 | =======================================================

2026-07-02 10:03:46 | DEBUG    | proactor_events:634 | Using proactor: IocpProactor
2026-07-02 10:03:46 | INFO     | heartbeat_service:68 | 💓 [Heartbeat Service] Đã kích hoạt máy đo nhịp tim chạy ngầm...
2026-07-02 10:03:47 | DEBUG    | heartbeat_service:58 | 💓 Nhịp tim gửi Master: {'server_id': 'SV_004', 'cpu_usage': 15.3, 'has_gpu': True, 'gpu_usage': 0, 'vram_free_gb': 3.87, 'max_cam': 2}
2026-07-02 10:03:47 | DEBUG    | connectionpool:241 | Starting new HTTP connection (1): 10.40.91.11:5000
2026-07-02 10:03:47 | DEBUG    | connectionpool:544 | http://10.40.91.11:5000 "POST /api/heartbeat HTTP/1.1" 200 68
2026-07-02 10:03:48 | DEBUG    | cameras_router:55 | 
🛑 Nhận lệnh Sync từ Master! Đang dọn dẹp 0 luồng YOLO cũ...
2026-07-02 10:03:51 | DEBUG    | cameras_router:85 | ✅ [OK] Camera cam_001 - Luồng hình ảnh ổn định.
2026-07-02 10:03:52 | DEBUG    | cameras_router:85 | ✅ [OK] Camera cam_002 - Luồng hình ảnh ổn định.
2026-07-02 10:03:52 | INFO     | cameras_router:106 | 📊 [CHIA LÔ] Tổng: 2 Cam. Số YOLO gánh: 2 Process. Mỗi YOLO gánh: 1 Cam.
2026-07-02 10:03:52 | DEBUG    | cameras_router:30 | 🚀 BẮT ĐẦU CHIA LÔ CHO 2 CAMERA (Tối ưu: 1 Cam/1 YOLO) 🚀
2026-07-02 10:03:52 | INFO     | main:3 | 🎬 [WORKER] Hệ thống Logger toàn cục theo phiên đã kích hoạt!
2026-07-02 10:03:54 | DEBUG    | heartbeat_service:58 | 💓 Nhịp tim gửi Master: {'server_id': 'SV_004', 'cpu_usage': 19.9, 'has_gpu': True, 'gpu_usage': 0, 'vram_free_gb': 3.87, 'max_cam': 2}
2026-07-02 10:03:54 | DEBUG    | connectionpool:241 | Starting new HTTP connection (1): 10.40.91.11:5000
2026-07-02 10:03:54 | DEBUG    | connectionpool:544 | http://10.40.91.11:5000 "POST /api/heartbeat HTTP/1.1" 200 68
2026-07-02 10:03:58 | DEBUG    | __init__:347 | matplotlib data path: C:\Users\Admin\AppData\Local\Programs\Python\Python312\Lib\site-packages\matplotlib\mpl-data
2026-07-02 10:03:58 | DEBUG    | __init__:347 | CONFIGDIR=C:\Users\Admin\.matplotlib
2026-07-02 10:03:58 | DEBUG    | __init__:1564 | interactive is False
2026-07-02 10:03:58 | DEBUG    | __init__:1565 | platform is win32
2026-07-02 10:03:58 | DEBUG    | __init__:347 | CACHEDIR=C:\Users\Admin\.matplotlib
2026-07-02 10:03:58 | DEBUG    | font_manager:1843 | Using fontManager instance from C:\Users\Admin\.matplotlib\fontlist-v3.11.0.json
2026-07-02 10:03:58 | DEBUG    | loader:96 | Environment variable FAISS_OPT_LEVEL is not set, so let's pick the instruction set according to the current CPU
2026-07-02 10:03:58 | INFO     | loader:132 | Loading faiss with AVX2 support.
2026-07-02 10:03:58 | INFO     | loader:137 | Could not load library with AVX2 support due to:
ModuleNotFoundError("No module named 'faiss.swigfaiss_avx2'")
2026-07-02 10:03:58 | INFO     | loader:156 | Loading faiss.
2026-07-02 10:03:58 | INFO     | loader:158 | Successfully loaded faiss.
2026-07-02 10:03:58 | INFO     | yolo_service:104 | ⚙️ [YOLO SỐ 1] TIẾP NHẬN LÔ...
2026-07-02 10:03:59 | INFO     | gallery:43 | Loading ONNX model from osnet_x1_0.onnx...
2026-07-02 10:03:59 | INFO     | yolo_service:122 | 🚀 Đang nạp model ReID vào CUDAExecutionProvider...
2026-07-02 10:03:59 | INFO     | yolo_service:132 | 🚀 [YOLO 1] Đang mở luồng cam_001...
2026-07-02 10:03:59 | INFO     | yolo_service:140 | 🚀 [ZMQ] Camera cam_001 đã cầm súng, nhắm thẳng Master tại tcp://10.40.91.11:5558
2026-07-02 10:04:00 | DEBUG    | heartbeat_service:58 | 💓 Nhịp tim gửi Master: {'server_id': 'SV_004', 'cpu_usage': 24.8, 'has_gpu': True, 'gpu_usage': 0, 'vram_free_gb': 3.87, 'max_cam': 2}
2026-07-02 10:04:00 | DEBUG    | connectionpool:241 | Starting new HTTP connection (1): 10.40.91.11:5000
2026-07-02 10:04:00 | DEBUG    | connectionpool:544 | http://10.40.91.11:5000 "POST /api/heartbeat HTTP/1.1" 200 68
2026-07-02 10:04:00 | INFO     | yolo_service:164 | 🎥 [START] YOLO bắt đầu ăn VRAM và quét frame cho cam_001...
2026-07-02 10:04:03 | DEBUG    | yolo_service:200 | [cam_001] Thời gian xử lý frame 0.00ms
2026-07-02 10:04:03 | DEBUG    | yolo_service:200 | [cam_001] Thời gian xử lý frame 0.00ms
2026-07-02 10:04:03 | DEBUG    | yolo_service:200 | [cam_001] Thời gian xử lý frame 0.00ms
2026-07-02 10:04:03 | DEBUG    | yolo_service:200 | [cam_001] Thời gian xử lý frame 1.00ms
2026-07-02 10:04:04 | DEBUG    | yolo_service:200 | [cam_001] Thời gian xử lý frame 0.00ms
2026-07-02 10:04:04 | DEBUG    | yolo_service:200 | [cam_001] Thời gian xử lý frame 0.00ms
2026-07-02 10:04:04 | DEBUG    | yolo_service:200 | [cam_001] Thời gian xử lý frame 0.00ms
2026-07-02 10:04:04 | DEBUG    | yolo_service:200 | [cam_001] Thời gian xử lý frame 0.00ms
2026-07-02 10:04:04 | DEBUG    | yolo_service:200 | [cam_001] Thời gian xử lý frame 0.00ms
2026-07-02 10:04:04 | DEBUG    | yolo_service:200 | [cam_001] Thời gian xử lý frame 0.00ms
2026-07-02 10:04:04 | DEBUG    | yolo_service:200 | [cam_001] Thời gian xử lý frame 0.51ms
2026-07-02 10:04:04 | DEBUG    | yolo_service:200 | [cam_001] Thời gian xử lý frame 0.00ms
2026-07-02 10:04:04 | DEBUG    | yolo_service:200 | [cam_001] Thời gian xử lý frame 0.00ms
2026-07-02 10:04:04 | DEBUG    | yolo_service:200 | [cam_001] Thời gian xử lý frame 0.58ms
2026-07-02 10:04:04 | DEBUG    | yolo_service:200 | [cam_001] Thời gian xử lý frame 0.00ms
2026-07-02 10:04:05 | DEBUG    | yolo_service:200 | [cam_001] Thời gian xử lý frame 0.00ms
2026-07-02 10:04:05 | DEBUG    | yolo_service:200 | [cam_001] Thời gian xử lý frame 0.00ms
2026-07-02 10:04:05 | DEBUG    | yolo_service:200 | [cam_001] Thời gian xử lý frame 0.51ms
2026-07-02 10:04:05 | DEBUG    | yolo_service:200 | [cam_001] Thời gian xử lý frame 0.00ms
2026-07-02 10:04:05 | DEBUG    | yolo_service:200 | [cam_001] Thời gian xử lý frame 0.00ms
2026-07-02 10:04:05 | DEBUG    | yolo_service:200 | [cam_001] Thời gian xử lý frame 0.00ms
2026-07-02 10:04:05 | DEBUG    | yolo_service:200 | [cam_001] Thời gian xử lý frame 0.00ms
2026-07-02 10:04:05 | DEBUG    | yolo_service:200 | [cam_001] Thời gian xử lý frame 0.00ms
2026-07-02 10:04:05 | DEBUG    | yolo_service:200 | [cam_001] Thời gian xử lý frame 0.00ms
2026-07-02 10:04:05 | DEBUG    | yolo_service:200 | [cam_001] Thời gian xử lý frame 0.62ms
2026-07-02 10:04:05 | DEBUG    | yolo_service:200 | [cam_001] Thời gian xử lý frame 0.00ms
2026-07-02 10:04:05 | DEBUG    | yolo_service:200 | [cam_001] Thời gian xử lý frame 0.00ms
2026-07-02 10:04:05 | DEBUG    | yolo_service:200 | [cam_001] Thời gian xử lý frame 0.00ms
2026-07-02 10:04:05 | DEBUG    | yolo_service:200 | [cam_001] Thời gian xử lý frame 0.00ms
2026-07-02 10:04:06 | DEBUG    | yolo_service:200 | [cam_001] Thời gian xử lý frame 0.00ms
2026-07-02 10:04:06 | DEBUG    | yolo_service:200 | [cam_001] Thời gian xử lý frame 0.00ms
2026-07-02 10:04:06 | DEBUG    | yolo_service:200 | [cam_001] Thời gian xử lý frame 1.00ms
2026-07-02 10:04:06 | DEBUG    | yolo_service:200 | [cam_001] Thời gian xử lý frame 0.75ms
2026-07-02 10:04:06 | DEBUG    | yolo_service:200 | [cam_001] Thời gian xử lý frame 0.00ms
2026-07-02 10:04:06 | DEBUG    | yolo_service:200 | [cam_001] Thời gian xử lý frame 0.52ms
2026-07-02 10:04:06 | DEBUG    | yolo_service:200 | [cam_001] Thời gian xử lý frame 0.00ms
2026-07-02 10:04:06 | DEBUG    | yolo_service:200 | [cam_001] Thời gian xử lý frame 0.00ms
2026-07-02 10:04:06 | DEBUG    | yolo_service:200 | [cam_001] Thời gian xử lý frame 0.78ms
2026-07-02 10:04:06 | DEBUG    | heartbeat_service:58 | 💓 Nhịp tim gửi Master: {'server_id': 'SV_004', 'cpu_usage': 32.0, 'has_gpu': True, 'gpu_usage': 0, 'vram_free_gb': 3.69, 'max_cam': 2}
2026-07-02 10:04:06 | DEBUG    | connectionpool:241 | Starting new HTTP connection (1): 10.40.91.11:5000
2026-07-02 10:04:06 | DEBUG    | connectionpool:544 | http://10.40.91.11:5000 "POST /api/heartbeat HTTP/1.1" 200 68
2026-07-02 10:04:06 | DEBUG    | yolo_service:200 | [cam_001] Thời gian xử lý frame 0.52ms
2026-07-02 10:04:06 | DEBUG    | yolo_service:200 | [cam_001] Thời gian xử lý frame 0.00ms
2026-07-02 10:04:07 | DEBUG    | yolo_service:200 | [cam_001] Thời gian xử lý frame 0.00ms
2026-07-02 10:04:07 | DEBUG    | yolo_service:200 | [cam_001] Thời gian xử lý frame 0.00ms
2026-07-02 10:04:07 | DEBUG    | yolo_service:200 | [cam_001] Thời gian xử lý frame 0.00ms
2026-07-02 10:04:07 | DEBUG    | yolo_service:200 | [cam_001] Thời gian xử lý frame 0.79ms
2026-07-02 10:04:07 | DEBUG    | yolo_service:200 | [cam_001] Thời gian xử lý frame 0.00ms
2026-07-02 10:04:07 | DEBUG    | yolo_service:200 | [cam_001] Thời gian xử lý frame 0.00ms
2026-07-02 10:04:07 | DEBUG    | yolo_service:200 | [cam_001] Thời gian xử lý frame 0.00ms
2026-07-02 10:04:07 | INFO     | main:3 | 🎬 [WORKER] Hệ thống Logger toàn cục theo phiên đã kích hoạt!
2026-07-02 10:04:07 | DEBUG    | yolo_service:200 | [cam_001] Thời gian xử lý frame 0.00ms
2026-07-02 10:04:07 | DEBUG    | yolo_service:200 | [cam_001] Thời gian xử lý frame 0.00ms
2026-07-02 10:04:07 | DEBUG    | yolo_service:200 | [cam_001] Thời gian xử lý frame 0.60ms
2026-07-02 10:04:07 | DEBUG    | yolo_service:200 | [cam_001] Thời gian xử lý frame 0.00ms
2026-07-02 10:04:07 | DEBUG    | yolo_service:200 | [cam_001] Thời gian xử lý frame 0.00ms
2026-07-02 10:04:07 | DEBUG    | yolo_service:200 | [cam_001] Thời gian xử lý frame 0.00ms
2026-07-02 10:04:08 | DEBUG    | yolo_service:200 | [cam_001] Thời gian xử lý frame 0.66ms
2026-07-02 10:04:08 | DEBUG    | yolo_service:200 | [cam_001] Thời gian xử lý frame 0.00ms
2026-07-02 10:04:08 | DEBUG    | yolo_service:200 | [cam_001] Thời gian xử lý frame 0.00ms
2026-07-02 10:04:08 | DEBUG    | yolo_service:200 | [cam_001] Thời gian xử lý frame 1.00ms
2026-07-02 10:04:08 | DEBUG    | yolo_service:200 | [cam_001] Thời gian xử lý frame 0.94ms
2026-07-02 10:04:08 | DEBUG    | yolo_service:200 | [cam_001] Thời gian xử lý frame 0.00ms
2026-07-02 10:04:08 | DEBUG    | yolo_service:200 | [cam_001] Thời gian xử lý frame 0.79ms
2026-07-02 10:04:08 | DEBUG    | yolo_service:200 | [cam_001] Thời gian xử lý frame 0.00ms
2026-07-02 10:04:08 | DEBUG    | yolo_service:200 | [cam_001] Thời gian xử lý frame 0.00ms
2026-07-02 10:04:08 | DEBUG    | yolo_service:200 | [cam_001] Thời gian xử lý frame 0.00ms
2026-07-02 10:04:08 | DEBUG    | yolo_service:200 | [cam_001] Thời gian xử lý frame 0.61ms
2026-07-02 10:04:08 | DEBUG    | yolo_service:200 | [cam_001] Thời gian xử lý frame 1.00ms
2026-07-02 10:04:09 | DEBUG    | yolo_service:200 | [cam_001] Thời gian xử lý frame 0.00ms
2026-07-02 10:04:09 | DEBUG    | yolo_service:200 | [cam_001] Thời gian xử lý frame 0.00ms
2026-07-02 10:04:09 | DEBUG    | yolo_service:200 | [cam_001] Thời gian xử lý frame 0.51ms
2026-07-02 10:04:09 | DEBUG    | yolo_service:200 | [cam_001] Thời gian xử lý frame 0.00ms
2026-07-02 10:04:09 | DEBUG    | yolo_service:200 | [cam_001] Thời gian xử lý frame 0.00ms
2026-07-02 10:04:09 | DEBUG    | yolo_service:200 | [cam_001] Thời gian xử lý frame 0.00ms
2026-07-02 10:04:09 | DEBUG    | yolo_service:200 | [cam_001] Thời gian xử lý frame 0.72ms
2026-07-02 10:04:09 | DEBUG    | yolo_service:200 | [cam_001] Thời gian xử lý frame 0.84ms
2026-07-02 10:04:09 | DEBUG    | yolo_service:200 | [cam_001] Thời gian xử lý frame 0.00ms
2026-07-02 10:04:09 | DEBUG    | yolo_service:200 | [cam_001] Thời gian xử lý frame 0.00ms
2026-07-02 10:04:09 | DEBUG    | yolo_service:200 | [cam_001] Thời gian xử lý frame 0.00ms
2026-07-02 10:04:09 | DEBUG    | yolo_service:200 | [cam_001] Thời gian xử lý frame 1.00ms
2026-07-02 10:04:10 | DEBUG    | yolo_service:200 | [cam_001] Thời gian xử lý frame 0.59ms
2026-07-02 10:04:10 | DEBUG    | yolo_service:200 | [cam_001] Thời gian xử lý frame 1.00ms
2026-07-02 10:04:10 | DEBUG    | yolo_service:200 | [cam_001] Thời gian xử lý frame 1.00ms
2026-07-02 10:04:10 | DEBUG    | yolo_service:200 | [cam_001] Thời gian xử lý frame 0.96ms
2026-07-02 10:04:10 | DEBUG    | yolo_service:200 | [cam_001] Thời gian xử lý frame 0.00ms
2026-07-02 10:04:10 | DEBUG    | yolo_service:200 | [cam_001] Thời gian xử lý frame 0.00ms
2026-07-02 10:04:10 | DEBUG    | yolo_service:200 | [cam_001] Thời gian xử lý frame 0.00ms
2026-07-02 10:04:10 | DEBUG    | yolo_service:200 | [cam_001] Thời gian xử lý frame 0.41ms
2026-07-02 10:04:10 | DEBUG    | yolo_service:200 | [cam_001] Thời gian xử lý frame 0.00ms
2026-07-02 10:04:10 | DEBUG    | yolo_service:200 | [cam_001] Thời gian xử lý frame 0.00ms
2026-07-02 10:04:10 | DEBUG    | yolo_service:200 | [cam_001] Thời gian xử lý frame 0.74ms
2026-07-02 10:04:10 | DEBUG    | yolo_service:200 | [cam_001] Thời gian xử lý frame 0.00ms
2026-07-02 10:04:10 | DEBUG    | yolo_service:200 | [cam_001] Thời gian xử lý frame 0.58ms
2026-07-02 10:04:10 | DEBUG    | yolo_service:200 | [cam_001] Thời gian xử lý frame 0.00ms
2026-07-02 10:04:11 | DEBUG    | yolo_service:200 | [cam_001] Thời gian xử lý frame 0.00ms
2026-07-02 10:04:11 | DEBUG    | yolo_service:200 | [cam_001] Thời gian xử lý frame 0.60ms
2026-07-02 10:04:11 | DEBUG    | yolo_service:200 | [cam_001] Thời gian xử lý frame 0.00ms
2026-07-02 10:04:11 | DEBUG    | yolo_service:200 | [cam_001] Thời gian xử lý frame 0.00ms
2026-07-02 10:04:11 | DEBUG    | yolo_service:200 | [cam_001] Thời gian xử lý frame 0.51ms
2026-07-02 10:04:11 | DEBUG    | yolo_service:200 | [cam_001] Thời gian xử lý frame 0.71ms
2026-07-02 10:04:11 | DEBUG    | yolo_service:200 | [cam_001] Thời gian xử lý frame 0.00ms
2026-07-02 10:04:11 | DEBUG    | yolo_service:200 | [cam_001] Thời gian xử lý frame 0.00ms
2026-07-02 10:04:11 | DEBUG    | yolo_service:200 | [cam_001] Thời gian xử lý frame 0.00ms
2026-07-02 10:04:11 | DEBUG    | yolo_service:200 | [cam_001] Thời gian xử lý frame 0.51ms
2026-07-02 10:04:11 | DEBUG    | yolo_service:200 | [cam_001] Thời gian xử lý frame 0.00ms
2026-07-02 10:04:11 | DEBUG    | yolo_service:200 | [cam_001] Thời gian xử lý frame 0.00ms
2026-07-02 10:04:11 | DEBUG    | yolo_service:200 | [cam_001] Thời gian xử lý frame 0.00ms
2026-07-02 10:04:11 | DEBUG    | yolo_service:200 | [cam_001] Thời gian xử lý frame 1.53ms
2026-07-02 10:04:12 | DEBUG    | yolo_service:200 | [cam_001] Thời gian xử lý frame 1.00ms
2026-07-02 10:04:12 | DEBUG    | yolo_service:200 | [cam_001] Thời gian xử lý frame 1.13ms
2026-07-02 10:04:12 | DEBUG    | yolo_service:200 | [cam_001] Thời gian xử lý frame 1.01ms
2026-07-02 10:04:12 | DEBUG    | yolo_service:200 | [cam_001] Thời gian xử lý frame 1.00ms
2026-07-02 10:04:12 | DEBUG    | yolo_service:200 | [cam_001] Thời gian xử lý frame 0.51ms
2026-07-02 10:04:12 | DEBUG    | yolo_service:200 | [cam_001] Thời gian xử lý frame 0.51ms
2026-07-02 10:04:12 | DEBUG    | yolo_service:200 | [cam_001] Thời gian xử lý frame 0.39ms
2026-07-02 10:04:12 | DEBUG    | yolo_service:200 | [cam_001] Thời gian xử lý frame 0.00ms
2026-07-02 10:04:12 | DEBUG    | yolo_service:200 | [cam_001] Thời gian xử lý frame 0.00ms
2026-07-02 10:04:12 | DEBUG    | yolo_service:200 | [cam_001] Thời gian xử lý frame 0.51ms
2026-07-02 10:04:12 | DEBUG    | heartbeat_service:58 | 💓 Nhịp tim gửi Master: {'server_id': 'SV_004', 'cpu_usage': 26.3, 'has_gpu': True, 'gpu_usage': 0, 'vram_free_gb': 3.69, 'max_cam': 2}
2026-07-02 10:04:12 | DEBUG    | connectionpool:241 | Starting new HTTP connection (1): 10.40.91.11:5000
2026-07-02 10:04:12 | DEBUG    | connectionpool:544 | http://10.40.91.11:5000 "POST /api/heartbeat HTTP/1.1" 200 68
2026-07-02 10:04:12 | DEBUG    | yolo_service:200 | [cam_001] Thời gian xử lý frame 0.00ms
2026-07-02 10:04:12 | DEBUG    | yolo_service:200 | [cam_001] Thời gian xử lý frame 0.00ms
2026-07-02 10:04:12 | DEBUG    | yolo_service:200 | [cam_001] Thời gian xử lý frame 0.00ms
2026-07-02 10:04:13 | DEBUG    | yolo_service:200 | [cam_001] Thời gian xử lý frame 0.00ms
2026-07-02 10:04:13 | DEBUG    | yolo_service:200 | [cam_001] Thời gian xử lý frame 0.78ms
2026-07-02 10:04:13 | DEBUG    | yolo_service:200 | [cam_001] Thời gian xử lý frame 0.00ms
2026-07-02 10:04:13 | DEBUG    | yolo_service:200 | [cam_001] Thời gian xử lý frame 0.00ms
2026-07-02 10:04:13 | DEBUG    | yolo_service:200 | [cam_001] Thời gian xử lý frame 0.00ms
2026-07-02 10:04:13 | DEBUG    | yolo_service:200 | [cam_001] Thời gian xử lý frame 0.00ms
2026-07-02 10:04:13 | DEBUG    | yolo_service:200 | [cam_001] Thời gian xử lý frame 0.50ms
2026-07-02 10:04:13 | DEBUG    | yolo_service:200 | [cam_001] Thời gian xử lý frame 0.00ms
2026-07-02 10:04:13 | DEBUG    | yolo_service:200 | [cam_001] Thời gian xử lý frame 1.00ms
2026-07-02 10:04:13 | DEBUG    | yolo_service:200 | [cam_001] Thời gian xử lý frame 0.00ms
2026-07-02 10:04:13 | DEBUG    | yolo_service:200 | [cam_001] Thời gian xử lý frame 1.01ms
2026-07-02 10:04:13 | DEBUG    | yolo_service:200 | [cam_001] Thời gian xử lý frame 0.70ms
2026-07-02 10:04:13 | DEBUG    | __init__:347 | matplotlib data path: C:\Users\Admin\AppData\Local\Programs\Python\Python312\Lib\site-packages\matplotlib\mpl-data
2026-07-02 10:04:13 | DEBUG    | __init__:347 | CONFIGDIR=C:\Users\Admin\.matplotlib
2026-07-02 10:04:13 | DEBUG    | __init__:1564 | interactive is False
2026-07-02 10:04:13 | DEBUG    | __init__:1565 | platform is win32
2026-07-02 10:04:13 | DEBUG    | __init__:347 | CACHEDIR=C:\Users\Admin\.matplotlib
2026-07-02 10:04:13 | DEBUG    | font_manager:1843 | Using fontManager instance from C:\Users\Admin\.matplotlib\fontlist-v3.11.0.json
2026-07-02 10:04:13 | DEBUG    | yolo_service:200 | [cam_001] Thời gian xử lý frame 0.54ms
2026-07-02 10:04:13 | DEBUG    | yolo_service:200 | [cam_001] Thời gian xử lý frame 0.78ms
2026-07-02 10:04:13 | DEBUG    | yolo_service:200 | [cam_001] Thời gian xử lý frame 0.00ms
2026-07-02 10:04:14 | DEBUG    | yolo_service:200 | [cam_001] Thời gian xử lý frame 1.01ms
2026-07-02 10:04:14 | DEBUG    | yolo_service:200 | [cam_001] Thời gian xử lý frame 0.00ms
2026-07-02 10:04:14 | DEBUG    | yolo_service:200 | [cam_001] Thời gian xử lý frame 1.01ms
2026-07-02 10:04:14 | DEBUG    | loader:96 | Environment variable FAISS_OPT_LEVEL is not set, so let's pick the instruction set according to the current CPU
2026-07-02 10:04:14 | INFO     | loader:132 | Loading faiss with AVX2 support.
2026-07-02 10:04:14 | INFO     | loader:137 | Could not load library with AVX2 support due to:
ModuleNotFoundError("No module named 'faiss.swigfaiss_avx2'")
2026-07-02 10:04:14 | INFO     | loader:156 | Loading faiss.
2026-07-02 10:04:14 | INFO     | loader:158 | Successfully loaded faiss.
2026-07-02 10:04:14 | DEBUG    | yolo_service:200 | [cam_001] Thời gian xử lý frame 0.00ms
2026-07-02 10:04:14 | DEBUG    | yolo_service:200 | [cam_001] Thời gian xử lý frame 0.83ms
2026-07-02 10:04:14 | DEBUG    | yolo_service:200 | [cam_001] Thời gian xử lý frame 0.00ms
2026-07-02 10:04:14 | INFO     | yolo_service:104 | ⚙️ [YOLO SỐ 2] TIẾP NHẬN LÔ...
2026-07-02 10:04:14 | INFO     | gallery:43 | Loading ONNX model from osnet_x1_0.onnx...
2026-07-02 10:04:14 | DEBUG    | yolo_service:200 | [cam_001] Thời gian xử lý frame 0.00ms
2026-07-02 10:04:14 | DEBUG    | yolo_service:200 | [cam_001] Thời gian xử lý frame 0.00ms
2026-07-02 10:04:14 | DEBUG    | yolo_service:200 | [cam_001] Thời gian xử lý frame 0.00ms
2026-07-02 10:04:14 | INFO     | yolo_service:122 | 🚀 Đang nạp model ReID vào CUDAExecutionProvider...
2026-07-02 10:04:14 | INFO     | yolo_service:132 | 🚀 [YOLO 2] Đang mở luồng cam_002...
2026-07-02 10:04:14 | INFO     | yolo_service:140 | 🚀 [ZMQ] Camera cam_002 đã cầm súng, nhắm thẳng Master tại tcp://10.40.91.11:5558
2026-07-02 10:04:14 | DEBUG    | yolo_service:200 | [cam_001] Thời gian xử lý frame 0.00ms
2026-07-02 10:04:14 | DEBUG    | yolo_service:200 | [cam_001] Thời gian xử lý frame 1.00ms
2026-07-02 10:04:14 | DEBUG    | yolo_service:200 | [cam_001] Thời gian xử lý frame 0.00ms
2026-07-02 10:04:14 | DEBUG    | yolo_service:200 | [cam_001] Thời gian xử lý frame 0.00ms
2026-07-02 10:04:15 | DEBUG    | yolo_service:200 | [cam_001] Thời gian xử lý frame 0.53ms
2026-07-02 10:04:15 | DEBUG    | yolo_service:200 | [cam_001] Thời gian xử lý frame 0.00ms
2026-07-02 10:04:15 | DEBUG    | yolo_service:200 | [cam_001] Thời gian xử lý frame 0.00ms
2026-07-02 10:04:15 | DEBUG    | yolo_service:200 | [cam_001] Thời gian xử lý frame 0.51ms
2026-07-02 10:04:15 | DEBUG    | yolo_service:200 | [cam_001] Thời gian xử lý frame 0.00ms
2026-07-02 10:04:15 | DEBUG    | yolo_service:200 | [cam_001] Thời gian xử lý frame 0.00ms
2026-07-02 10:04:15 | DEBUG    | yolo_service:200 | [cam_001] Thời gian xử lý frame 1.01ms
2026-07-02 10:04:15 | DEBUG    | yolo_service:200 | [cam_001] Thời gian xử lý frame 0.00ms
2026-07-02 10:04:15 | DEBUG    | yolo_service:200 | [cam_001] Thời gian xử lý frame 1.21ms
2026-07-02 10:04:15 | INFO     | yolo_service:164 | 🎥 [START] YOLO bắt đầu ăn VRAM và quét frame cho cam_002...
2026-07-02 10:04:15 | DEBUG    | yolo_service:200 | [cam_001] Thời gian xử lý frame 0.00ms
2026-07-02 10:04:15 | DEBUG    | yolo_service:200 | [cam_001] Thời gian xử lý frame 0.79ms
2026-07-02 10:04:15 | DEBUG    | yolo_service:200 | [cam_001] Thời gian xử lý frame 0.00ms
2026-07-02 10:04:15 | DEBUG    | yolo_service:200 | [cam_001] Thời gian xử lý frame 1.01ms
2026-07-02 10:04:16 | DEBUG    | yolo_service:200 | [cam_001] Thời gian xử lý frame 1.02ms
2026-07-02 10:04:16 | DEBUG    | yolo_service:200 | [cam_001] Thời gian xử lý frame 0.95ms
2026-07-02 10:04:16 | DEBUG    | yolo_service:200 | [cam_001] Thời gian xử lý frame 1.00ms
2026-07-02 10:04:16 | DEBUG    | yolo_service:200 | [cam_001] Thời gian xử lý frame 1.00ms
2026-07-02 10:04:16 | DEBUG    | yolo_service:200 | [cam_001] Thời gian xử lý frame 0.51ms
2026-07-02 10:04:16 | DEBUG    | yolo_service:200 | [cam_001] Thời gian xử lý frame 1.00ms
2026-07-02 10:04:16 | DEBUG    | yolo_service:200 | [cam_001] Thời gian xử lý frame 0.00ms
2026-07-02 10:04:16 | DEBUG    | yolo_service:200 | [cam_001] Thời gian xử lý frame 0.00ms
2026-07-02 10:04:16 | DEBUG    | yolo_service:200 | [cam_001] Thời gian xử lý frame 0.00ms
2026-07-02 10:04:16 | DEBUG    | yolo_service:200 | [cam_001] Thời gian xử lý frame 0.00ms
2026-07-02 10:04:16 | DEBUG    | yolo_service:200 | [cam_001] Thời gian xử lý frame 0.00ms
2026-07-02 10:04:17 | DEBUG    | yolo_service:200 | [cam_001] Thời gian xử lý frame 1.00ms
2026-07-02 10:04:17 | DEBUG    | yolo_service:200 | [cam_001] Thời gian xử lý frame 0.64ms
2026-07-02 10:04:17 | DEBUG    | yolo_service:200 | [cam_001] Thời gian xử lý frame 1.17ms
2026-07-02 10:04:17 | DEBUG    | yolo_service:200 | [cam_001] Thời gian xử lý frame 0.00ms
2026-07-02 10:04:17 | DEBUG    | yolo_service:200 | [cam_001] Thời gian xử lý frame 0.00ms
2026-07-02 10:04:17 | DEBUG    | yolo_service:200 | [cam_001] Thời gian xử lý frame 0.00ms
2026-07-02 10:04:17 | DEBUG    | yolo_service:200 | [cam_001] Thời gian xử lý frame 0.00ms
2026-07-02 10:04:17 | DEBUG    | yolo_service:200 | [cam_002] Thời gian xử lý frame 0.00ms
2026-07-02 10:04:17 | DEBUG    | yolo_service:200 | [cam_002] Thời gian xử lý frame 1.01ms
2026-07-02 10:04:17 | DEBUG    | yolo_service:200 | [cam_002] Thời gian xử lý frame 0.00ms
2026-07-02 10:04:17 | DEBUG    | yolo_service:200 | [cam_001] Thời gian xử lý frame 0.59ms
2026-07-02 10:04:17 | DEBUG    | yolo_service:200 | [cam_001] Thời gian xử lý frame 0.00ms
2026-07-02 10:04:17 | DEBUG    | yolo_service:200 | [cam_002] Thời gian xử lý frame 1.01ms
2026-07-02 10:04:17 | DEBUG    | yolo_service:200 | [cam_001] Thời gian xử lý frame 0.00ms
2026-07-02 10:04:17 | DEBUG    | yolo_service:200 | [cam_002] Thời gian xử lý frame 0.00ms
2026-07-02 10:04:17 | DEBUG    | yolo_service:200 | [cam_001] Thời gian xử lý frame 0.00ms
2026-07-02 10:04:17 | DEBUG    | yolo_service:200 | [cam_002] Thời gian xử lý frame 0.00ms
2026-07-02 10:04:17 | DEBUG    | yolo_service:200 | [cam_002] Thời gian xử lý frame 0.00ms
2026-07-02 10:04:17 | DEBUG    | yolo_service:200 | [cam_001] Thời gian xử lý frame 0.00ms
2026-07-02 10:04:18 | DEBUG    | yolo_service:200 | [cam_002] Thời gian xử lý frame 0.00ms
2026-07-02 10:04:18 | DEBUG    | yolo_service:200 | [cam_001] Thời gian xử lý frame 0.00ms
2026-07-02 10:04:18 | DEBUG    | yolo_service:200 | [cam_002] Thời gian xử lý frame 0.53ms
2026-07-02 10:04:18 | DEBUG    | yolo_service:200 | [cam_001] Thời gian xử lý frame 0.00ms
2026-07-02 10:04:18 | DEBUG    | yolo_service:200 | [cam_002] Thời gian xử lý frame 0.00ms
2026-07-02 10:04:18 | DEBUG    | yolo_service:200 | [cam_002] Thời gian xử lý frame 0.00ms
2026-07-02 10:04:18 | DEBUG    | yolo_service:200 | [cam_002] Thời gian xử lý frame 2.27ms
2026-07-02 10:04:18 | DEBUG    | yolo_service:200 | [cam_001] Thời gian xử lý frame 1.01ms
2026-07-02 10:04:18 | DEBUG    | yolo_service:200 | [cam_002] Thời gian xử lý frame 0.00ms
2026-07-02 10:04:18 | DEBUG    | yolo_service:200 | [cam_002] Thời gian xử lý frame 0.00ms
2026-07-02 10:04:18 | DEBUG    | yolo_service:200 | [cam_001] Thời gian xử lý frame 0.00ms
2026-07-02 10:04:18 | DEBUG    | yolo_service:200 | [cam_001] Thời gian xử lý frame 1.01ms
2026-07-02 10:04:18 | DEBUG    | yolo_service:200 | [cam_002] Thời gian xử lý frame 1.01ms
2026-07-02 10:04:18 | DEBUG    | yolo_service:200 | [cam_001] Thời gian xử lý frame 0.51ms
2026-07-02 10:04:18 | DEBUG    | yolo_service:200 | [cam_002] Thời gian xử lý frame 1.00ms
2026-07-02 10:04:18 | DEBUG    | yolo_service:200 | [cam_002] Thời gian xử lý frame 0.00ms
2026-07-02 10:04:18 | DEBUG    | yolo_service:200 | [cam_002] Thời gian xử lý frame 0.00ms
2026-07-02 10:04:18 | DEBUG    | yolo_service:200 | [cam_002] Thời gian xử lý frame 0.00ms
2026-07-02 10:04:18 | DEBUG    | yolo_service:200 | [cam_001] Thời gian xử lý frame 0.00ms
2026-07-02 10:04:18 | DEBUG    | yolo_service:200 | [cam_002] Thời gian xử lý frame 0.00ms
2026-07-02 10:04:18 | DEBUG    | yolo_service:200 | [cam_002] Thời gian xử lý frame 0.00ms
2026-07-02 10:04:18 | DEBUG    | yolo_service:200 | [cam_002] Thời gian xử lý frame 0.00ms
2026-07-02 10:04:18 | DEBUG    | yolo_service:200 | [cam_002] Thời gian xử lý frame 0.00ms
2026-07-02 10:04:18 | DEBUG    | yolo_service:200 | [cam_001] Thời gian xử lý frame 0.00ms
2026-07-02 10:04:18 | DEBUG    | yolo_service:200 | [cam_002] Thời gian xử lý frame 1.01ms
2026-07-02 10:04:18 | DEBUG    | yolo_service:200 | [cam_002] Thời gian xử lý frame 0.00ms
2026-07-02 10:04:18 | DEBUG    | yolo_service:200 | [cam_001] Thời gian xử lý frame 0.58ms
2026-07-02 10:04:18 | DEBUG    | yolo_service:200 | [cam_002] Thời gian xử lý frame 0.00ms
2026-07-02 10:04:18 | DEBUG    | heartbeat_service:58 | 💓 Nhịp tim gửi Master: {'server_id': 'SV_004', 'cpu_usage': 33.6, 'has_gpu': True, 'gpu_usage': 0, 'vram_free_gb': 3.51, 'max_cam': 2}
2026-07-02 10:04:18 | DEBUG    | yolo_service:200 | [cam_002] Thời gian xử lý frame 0.00ms
2026-07-02 10:04:18 | DEBUG    | connectionpool:241 | Starting new HTTP connection (1): 10.40.91.11:5000
2026-07-02 10:04:18 | DEBUG    | connectionpool:544 | http://10.40.91.11:5000 "POST /api/heartbeat HTTP/1.1" 200 68
2026-07-02 10:04:18 | DEBUG    | yolo_service:200 | [cam_001] Thời gian xử lý frame 0.00ms
2026-07-02 10:04:18 | DEBUG    | yolo_service:200 | [cam_002] Thời gian xử lý frame 0.00ms
2026-07-02 10:04:19 | DEBUG    | yolo_service:200 | [cam_002] Thời gian xử lý frame 0.00ms
2026-07-02 10:04:19 | DEBUG    | yolo_service:200 | [cam_001] Thời gian xử lý frame 0.54ms
2026-07-02 10:04:19 | DEBUG    | yolo_service:200 | [cam_002] Thời gian xử lý frame 0.00ms
2026-07-02 10:04:19 | DEBUG    | yolo_service:200 | [cam_002] Thời gian xử lý frame 1.00ms
2026-07-02 10:04:19 | DEBUG    | yolo_service:200 | [cam_002] Thời gian xử lý frame 1.00ms
2026-07-02 10:04:19 | DEBUG    | yolo_service:200 | [cam_001] Thời gian xử lý frame 0.00ms
2026-07-02 10:04:19 | DEBUG    | yolo_service:200 | [cam_002] Thời gian xử lý frame 0.66ms
2026-07-02 10:04:19 | DEBUG    | yolo_service:200 | [cam_001] Thời gian xử lý frame 1.01ms
2026-07-02 10:04:19 | DEBUG    | yolo_service:200 | [cam_001] Thời gian xử lý frame 0.00ms
2026-07-02 10:04:19 | DEBUG    | yolo_service:200 | [cam_002] Thời gian xử lý frame 0.80ms
2026-07-02 10:04:19 | DEBUG    | yolo_service:200 | [cam_002] Thời gian xử lý frame 0.00ms
2026-07-02 10:04:19 | DEBUG    | yolo_service:200 | [cam_002] Thời gian xử lý frame 0.00ms
2026-07-02 10:04:19 | DEBUG    | yolo_service:200 | [cam_001] Thời gian xử lý frame 0.50ms
2026-07-02 10:04:19 | DEBUG    | yolo_service:200 | [cam_001] Thời gian xử lý frame 0.00ms
2026-07-02 10:04:19 | DEBUG    | yolo_service:200 | [cam_002] Thời gian xử lý frame 0.62ms
2026-07-02 10:04:19 | DEBUG    | yolo_service:200 | [cam_002] Thời gian xử lý frame 0.00ms
2026-07-02 10:04:19 | DEBUG    | yolo_service:200 | [cam_001] Thời gian xử lý frame 0.00ms
2026-07-02 10:04:19 | DEBUG    | yolo_service:200 | [cam_002] Thời gian xử lý frame 0.00ms
2026-07-02 10:04:19 | DEBUG    | yolo_service:200 | [cam_001] Thời gian xử lý frame 0.00ms
2026-07-02 10:04:19 | DEBUG    | yolo_service:200 | [cam_002] Thời gian xử lý frame 0.00ms
2026-07-02 10:04:19 | DEBUG    | yolo_service:200 | [cam_002] Thời gian xử lý frame 0.00ms
2026-07-02 10:04:19 | DEBUG    | yolo_service:200 | [cam_002] Thời gian xử lý frame 0.00ms
2026-07-02 10:04:19 | DEBUG    | yolo_service:200 | [cam_001] Thời gian xử lý frame 0.65ms
2026-07-02 10:04:19 | DEBUG    | yolo_service:200 | [cam_002] Thời gian xử lý frame 0.00ms
2026-07-02 10:04:19 | DEBUG    | yolo_service:200 | [cam_002] Thời gian xử lý frame 0.53ms
2026-07-02 10:04:19 | DEBUG    | yolo_service:200 | [cam_002] Thời gian xử lý frame 3.01ms
2026-07-02 10:04:19 | DEBUG    | yolo_service:200 | [cam_001] Thời gian xử lý frame 0.67ms
2026-07-02 10:04:19 | DEBUG    | yolo_service:200 | [cam_001] Thời gian xử lý frame 0.65ms
2026-07-02 10:04:19 | DEBUG    | yolo_service:200 | [cam_002] Thời gian xử lý frame 0.00ms
2026-07-02 10:04:19 | DEBUG    | yolo_service:200 | [cam_001] Thời gian xử lý frame 0.00ms
2026-07-02 10:04:19 | DEBUG    | yolo_service:200 | [cam_002] Thời gian xử lý frame 0.55ms
2026-07-02 10:04:19 | DEBUG    | yolo_service:200 | [cam_002] Thời gian xử lý frame 0.00ms
2026-07-02 10:04:19 | DEBUG    | yolo_service:200 | [cam_002] Thời gian xử lý frame 0.95ms
2026-07-02 10:04:19 | DEBUG    | yolo_service:200 | [cam_001] Thời gian xử lý frame 0.00ms
2026-07-02 10:04:19 | DEBUG    | yolo_service:200 | [cam_002] Thời gian xử lý frame 0.00ms
2026-07-02 10:04:19 | DEBUG    | yolo_service:200 | [cam_002] Thời gian xử lý frame 0.00ms
2026-07-02 10:04:19 | DEBUG    | yolo_service:200 | [cam_001] Thời gian xử lý frame 0.00ms
2026-07-02 10:04:20 | DEBUG    | yolo_service:200 | [cam_002] Thời gian xử lý frame 0.00ms
2026-07-02 10:04:20 | DEBUG    | yolo_service:200 | [cam_002] Thời gian xử lý frame 1.09ms
2026-07-02 10:04:20 | DEBUG    | yolo_service:200 | [cam_002] Thời gian xử lý frame 0.00ms
2026-07-02 10:04:20 | DEBUG    | yolo_service:200 | [cam_001] Thời gian xử lý frame 0.00ms
2026-07-02 10:04:20 | DEBUG    | yolo_service:200 | [cam_002] Thời gian xử lý frame 0.00ms
2026-07-02 10:04:20 | DEBUG    | yolo_service:200 | [cam_002] Thời gian xử lý frame 0.00ms
2026-07-02 10:04:20 | DEBUG    | yolo_service:200 | [cam_001] Thời gian xử lý frame 0.00ms
2026-07-02 10:04:20 | DEBUG    | yolo_service:200 | [cam_002] Thời gian xử lý frame 0.00ms
2026-07-02 10:04:20 | DEBUG    | yolo_service:200 | [cam_001] Thời gian xử lý frame 0.00ms
2026-07-02 10:04:20 | DEBUG    | yolo_service:200 | [cam_002] Thời gian xử lý frame 0.00ms
2026-07-02 10:04:20 | DEBUG    | yolo_service:200 | [cam_002] Thời gian xử lý frame 0.00ms
2026-07-02 10:04:20 | DEBUG    | yolo_service:200 | [cam_001] Thời gian xử lý frame 0.98ms
2026-07-02 10:04:20 | DEBUG    | yolo_service:200 | [cam_002] Thời gian xử lý frame 0.00ms
2026-07-02 10:04:20 | DEBUG    | yolo_service:200 | [cam_002] Thời gian xử lý frame 0.00ms
2026-07-02 10:04:20 | DEBUG    | yolo_service:200 | [cam_001] Thời gian xử lý frame 0.00ms
2026-07-02 10:04:20 | DEBUG    | yolo_service:200 | [cam_002] Thời gian xử lý frame 0.00ms
2026-07-02 10:04:20 | DEBUG    | yolo_service:200 | [cam_001] Thời gian xử lý frame 0.51ms
2026-07-02 10:04:20 | DEBUG    | yolo_service:200 | [cam_002] Thời gian xử lý frame 0.00ms
2026-07-02 10:04:20 | DEBUG    | yolo_service:200 | [cam_001] Thời gian xử lý frame 0.00ms
2026-07-02 10:04:20 | DEBUG    | yolo_service:200 | [cam_002] Thời gian xử lý frame 0.00ms
2026-07-02 10:04:20 | DEBUG    | yolo_service:200 | [cam_002] Thời gian xử lý frame 0.00ms
2026-07-02 10:04:20 | DEBUG    | yolo_service:200 | [cam_001] Thời gian xử lý frame 0.00ms
2026-07-02 10:04:20 | DEBUG    | yolo_service:200 | [cam_002] Thời gian xử lý frame 0.00ms
2026-07-02 10:04:20 | DEBUG    | yolo_service:200 | [cam_002] Thời gian xử lý frame 0.34ms
2026-07-02 10:04:20 | DEBUG    | yolo_service:200 | [cam_001] Thời gian xử lý frame 0.00ms
2026-07-02 10:04:20 | DEBUG    | yolo_service:200 | [cam_002] Thời gian xử lý frame 0.00ms
2026-07-02 10:04:20 | DEBUG    | yolo_service:200 | [cam_001] Thời gian xử lý frame 0.00ms
2026-07-02 10:04:20 | DEBUG    | yolo_service:200 | [cam_002] Thời gian xử lý frame 0.00ms
2026-07-02 10:04:20 | DEBUG    | yolo_service:200 | [cam_002] Thời gian xử lý frame 0.00ms
2026-07-02 10:04:20 | DEBUG    | yolo_service:200 | [cam_002] Thời gian xử lý frame 0.00ms
2026-07-02 10:04:20 | DEBUG    | yolo_service:200 | [cam_001] Thời gian xử lý frame 0.76ms
2026-07-02 10:04:20 | DEBUG    | yolo_service:200 | [cam_002] Thời gian xử lý frame 1.01ms
2026-07-02 10:04:21 | DEBUG    | yolo_service:200 | [cam_002] Thời gian xử lý frame 0.00ms
2026-07-02 10:04:21 | DEBUG    | yolo_service:200 | [cam_001] Thời gian xử lý frame 0.88ms
2026-07-02 10:04:21 | DEBUG    | yolo_service:200 | [cam_002] Thời gian xử lý frame 1.03ms
2026-07-02 10:04:21 | DEBUG    | yolo_service:200 | [cam_002] Thời gian xử lý frame 0.00ms
2026-07-02 10:04:21 | DEBUG    | yolo_service:200 | [cam_001] Thời gian xử lý frame 1.01ms
2026-07-02 10:04:21 | DEBUG    | yolo_service:200 | [cam_002] Thời gian xử lý frame 0.00ms
2026-07-02 10:04:21 | DEBUG    | yolo_service:200 | [cam_002] Thời gian xử lý frame 1.04ms
2026-07-02 10:04:21 | DEBUG    | yolo_service:200 | [cam_001] Thời gian xử lý frame 0.00ms
2026-07-02 10:04:21 | DEBUG    | yolo_service:200 | [cam_002] Thời gian xử lý frame 0.00ms
2026-07-02 10:04:21 | DEBUG    | yolo_service:200 | [cam_002] Thời gian xử lý frame 0.00ms
2026-07-02 10:04:21 | DEBUG    | yolo_service:200 | [cam_001] Thời gian xử lý frame 0.00ms
2026-07-02 10:04:21 | DEBUG    | yolo_service:200 | [cam_001] Thời gian xử lý frame 0.00ms
2026-07-02 10:04:21 | DEBUG    | yolo_service:200 | [cam_002] Thời gian xử lý frame 0.00ms
2026-07-02 10:04:21 | DEBUG    | yolo_service:200 | [cam_002] Thời gian xử lý frame 0.00ms
2026-07-02 10:04:21 | DEBUG    | yolo_service:200 | [cam_002] Thời gian xử lý frame 0.00ms
2026-07-02 10:04:21 | DEBUG    | yolo_service:200 | [cam_001] Thời gian xử lý frame 0.00ms
2026-07-02 10:04:21 | DEBUG    | yolo_service:200 | [cam_002] Thời gian xử lý frame 0.00ms
2026-07-02 10:04:21 | DEBUG    | yolo_service:200 | [cam_002] Thời gian xử lý frame 0.00ms
2026-07-02 10:04:21 | DEBUG    | yolo_service:200 | [cam_002] Thời gian xử lý frame 0.00ms
2026-07-02 10:04:21 | DEBUG    | yolo_service:200 | [cam_002] Thời gian xử lý frame 0.55ms
2026-07-02 10:04:21 | DEBUG    | yolo_service:200 | [cam_001] Thời gian xử lý frame 0.00ms
2026-07-02 10:04:21 | DEBUG    | yolo_service:200 | [cam_002] Thời gian xử lý frame 0.00ms
2026-07-02 10:04:21 | DEBUG    | yolo_service:200 | [cam_001] Thời gian xử lý frame 0.00ms
2026-07-02 10:04:21 | DEBUG    | yolo_service:200 | [cam_002] Thời gian xử lý frame 0.00ms
2026-07-02 10:04:21 | DEBUG    | yolo_service:200 | [cam_002] Thời gian xử lý frame 0.00ms
2026-07-02 10:04:21 | DEBUG    | yolo_service:200 | [cam_001] Thời gian xử lý frame 0.00ms
2026-07-02 10:04:21 | DEBUG    | yolo_service:200 | [cam_002] Thời gian xử lý frame 0.00ms
2026-07-02 10:04:21 | DEBUG    | yolo_service:200 | [cam_001] Thời gian xử lý frame 1.01ms
2026-07-02 10:04:21 | DEBUG    | yolo_service:200 | [cam_001] Thời gian xử lý frame 0.00ms
2026-07-02 10:04:21 | DEBUG    | yolo_service:200 | [cam_002] Thời gian xử lý frame 0.00ms
2026-07-02 10:04:21 | DEBUG    | yolo_service:200 | [cam_002] Thời gian xử lý frame 0.00ms
2026-07-02 10:04:21 | DEBUG    | yolo_service:200 | [cam_002] Thời gian xử lý frame 0.00ms
2026-07-02 10:04:21 | DEBUG    | yolo_service:200 | [cam_001] Thời gian xử lý frame 0.00ms
2026-07-02 10:04:21 | DEBUG    | yolo_service:200 | [cam_002] Thời gian xử lý frame 0.00ms
2026-07-02 10:04:21 | DEBUG    | yolo_service:200 | [cam_002] Thời gian xử lý frame 0.00ms
2026-07-02 10:04:22 | DEBUG    | yolo_service:200 | [cam_002] Thời gian xử lý frame 1.07ms
2026-07-02 10:04:22 | DEBUG    | yolo_service:200 | [cam_001] Thời gian xử lý frame 0.91ms
2026-07-02 10:04:22 | DEBUG    | yolo_service:200 | [cam_002] Thời gian xử lý frame 0.00ms
2026-07-02 10:04:22 | DEBUG    | yolo_service:200 | [cam_001] Thời gian xử lý frame 0.00ms
2026-07-02 10:04:22 | DEBUG    | yolo_service:200 | [cam_002] Thời gian xử lý frame 0.00ms
2026-07-02 10:04:22 | DEBUG    | yolo_service:200 | [cam_001] Thời gian xử lý frame 0.00ms
2026-07-02 10:04:22 | DEBUG    | yolo_service:200 | [cam_002] Thời gian xử lý frame 0.00ms
2026-07-02 10:04:22 | DEBUG    | yolo_service:200 | [cam_002] Thời gian xử lý frame 0.00ms
2026-07-02 10:04:22 | DEBUG    | yolo_service:200 | [cam_001] Thời gian xử lý frame 0.00ms
2026-07-02 10:04:22 | DEBUG    | yolo_service:200 | [cam_002] Thời gian xử lý frame 1.00ms
2026-07-02 10:04:22 | DEBUG    | yolo_service:200 | [cam_002] Thời gian xử lý frame 0.00ms
2026-07-02 10:04:22 | DEBUG    | yolo_service:200 | [cam_001] Thời gian xử lý frame 0.00ms
2026-07-02 10:04:22 | DEBUG    | yolo_service:200 | [cam_002] Thời gian xử lý frame 0.00ms
2026-07-02 10:04:22 | DEBUG    | yolo_service:200 | [cam_001] Thời gian xử lý frame 0.00ms
2026-07-02 10:04:22 | DEBUG    | yolo_service:200 | [cam_001] Thời gian xử lý frame 0.00ms
2026-07-02 10:04:22 | DEBUG    | yolo_service:200 | [cam_002] Thời gian xử lý frame 0.00ms
2026-07-02 10:04:22 | DEBUG    | yolo_service:200 | [cam_002] Thời gian xử lý frame 0.00ms
2026-07-02 10:04:22 | DEBUG    | yolo_service:200 | [cam_002] Thời gian xử lý frame 1.02ms
2026-07-02 10:04:22 | DEBUG    | yolo_service:200 | [cam_002] Thời gian xử lý frame 0.00ms
2026-07-02 10:04:22 | DEBUG    | yolo_service:200 | [cam_001] Thời gian xử lý frame 0.00ms
2026-07-02 10:04:22 | DEBUG    | yolo_service:200 | [cam_002] Thời gian xử lý frame 1.01ms
2026-07-02 10:04:22 | DEBUG    | yolo_service:200 | [cam_001] Thời gian xử lý frame 0.00ms
2026-07-02 10:04:22 | DEBUG    | yolo_service:200 | [cam_002] Thời gian xử lý frame 0.00ms
2026-07-02 10:04:22 | DEBUG    | yolo_service:200 | [cam_001] Thời gian xử lý frame 0.64ms
2026-07-02 10:04:22 | DEBUG    | yolo_service:200 | [cam_002] Thời gian xử lý frame 0.00ms
2026-07-02 10:04:22 | DEBUG    | yolo_service:200 | [cam_001] Thời gian xử lý frame 0.00ms
2026-07-02 10:04:22 | DEBUG    | yolo_service:200 | [cam_002] Thời gian xử lý frame 0.00ms
2026-07-02 10:04:22 | DEBUG    | yolo_service:200 | [cam_002] Thời gian xử lý frame 0.00ms
2026-07-02 10:04:22 | DEBUG    | yolo_service:200 | [cam_001] Thời gian xử lý frame 0.57ms
2026-07-02 10:04:23 | DEBUG    | yolo_service:200 | [cam_002] Thời gian xử lý frame 0.00ms
2026-07-02 10:04:23 | DEBUG    | yolo_service:200 | [cam_001] Thời gian xử lý frame 0.51ms
2026-07-02 10:04:23 | DEBUG    | yolo_service:200 | [cam_002] Thời gian xử lý frame 0.53ms
2026-07-02 10:04:23 | DEBUG    | yolo_service:200 | [cam_002] Thời gian xử lý frame 0.00ms
2026-07-02 10:04:23 | DEBUG    | yolo_service:200 | [cam_001] Thời gian xử lý frame 0.00ms
2026-07-02 10:04:23 | DEBUG    | yolo_service:200 | [cam_001] Thời gian xử lý frame 0.00ms
2026-07-02 10:04:23 | DEBUG    | yolo_service:200 | [cam_002] Thời gian xử lý frame 0.94ms
2026-07-02 10:04:23 | DEBUG    | yolo_service:200 | [cam_001] Thời gian xử lý frame 0.00ms
2026-07-02 10:04:23 | DEBUG    | yolo_service:200 | [cam_002] Thời gian xử lý frame 0.00ms
2026-07-02 10:04:23 | DEBUG    | yolo_service:200 | [cam_002] Thời gian xử lý frame 0.50ms
2026-07-02 10:04:23 | DEBUG    | yolo_service:200 | [cam_001] Thời gian xử lý frame 0.00ms
2026-07-02 10:04:23 | DEBUG    | yolo_service:200 | [cam_002] Thời gian xử lý frame 0.00ms
2026-07-02 10:04:23 | DEBUG    | yolo_service:200 | [cam_002] Thời gian xử lý frame 0.00ms
2026-07-02 10:04:23 | DEBUG    | yolo_service:200 | [cam_001] Thời gian xử lý frame 0.96ms
2026-07-02 10:04:23 | DEBUG    | yolo_service:200 | [cam_002] Thời gian xử lý frame 0.00ms
2026-07-02 10:04:23 | DEBUG    | yolo_service:200 | [cam_002] Thời gian xử lý frame 0.55ms
2026-07-02 10:04:23 | DEBUG    | yolo_service:200 | [cam_001] Thời gian xử lý frame 0.00ms
2026-07-02 10:04:23 | DEBUG    | yolo_service:200 | [cam_002] Thời gian xử lý frame 0.00ms
2026-07-02 10:04:23 | DEBUG    | yolo_service:200 | [cam_002] Thời gian xử lý frame 0.00ms
2026-07-02 10:04:23 | DEBUG    | yolo_service:200 | [cam_001] Thời gian xử lý frame 0.00ms
2026-07-02 10:04:23 | DEBUG    | yolo_service:200 | [cam_002] Thời gian xử lý frame 0.52ms
2026-07-02 10:04:23 | DEBUG    | yolo_service:200 | [cam_002] Thời gian xử lý frame 0.00ms
2026-07-02 10:04:23 | DEBUG    | yolo_service:200 | [cam_002] Thời gian xử lý frame 0.00ms
2026-07-02 10:04:23 | DEBUG    | yolo_service:200 | [cam_001] Thời gian xử lý frame 0.62ms
2026-07-02 10:04:23 | DEBUG    | yolo_service:200 | [cam_002] Thời gian xử lý frame 0.00ms
2026-07-02 10:04:23 | DEBUG    | yolo_service:200 | [cam_002] Thời gian xử lý frame 0.00ms
2026-07-02 10:04:23 | DEBUG    | yolo_service:200 | [cam_001] Thời gian xử lý frame 0.00ms
2026-07-02 10:04:23 | DEBUG    | yolo_service:200 | [cam_001] Thời gian xử lý frame 0.00ms
2026-07-02 10:04:23 | DEBUG    | yolo_service:200 | [cam_002] Thời gian xử lý frame 0.00ms
2026-07-02 10:04:23 | DEBUG    | yolo_service:200 | [cam_002] Thời gian xử lý frame 0.00ms
2026-07-02 10:04:23 | DEBUG    | yolo_service:200 | [cam_002] Thời gian xử lý frame 0.93ms
2026-07-02 10:04:23 | DEBUG    | yolo_service:200 | [cam_002] Thời gian xử lý frame 0.00ms
2026-07-02 10:04:23 | DEBUG    | yolo_service:200 | [cam_002] Thời gian xử lý frame 0.00ms
2026-07-02 10:04:23 | DEBUG    | yolo_service:200 | [cam_002] Thời gian xử lý frame 0.00ms
2026-07-02 10:04:24 | DEBUG    | yolo_service:200 | [cam_002] Thời gian xử lý frame 0.00ms
2026-07-02 10:04:24 | DEBUG    | yolo_service:200 | [cam_002] Thời gian xử lý frame 0.00ms
2026-07-02 10:04:24 | DEBUG    | yolo_service:200 | [cam_002] Thời gian xử lý frame 0.00ms
2026-07-02 10:04:24 | DEBUG    | yolo_service:200 | [cam_002] Thời gian xử lý frame 0.00ms
2026-07-02 10:04:24 | DEBUG    | yolo_service:200 | [cam_002] Thời gian xử lý frame 0.00ms
2026-07-02 10:04:24 | DEBUG    | yolo_service:200 | [cam_002] Thời gian xử lý frame 0.00ms
2026-07-02 10:04:24 | DEBUG    | yolo_service:200 | [cam_002] Thời gian xử lý frame 0.00ms
2026-07-02 10:04:24 | DEBUG    | yolo_service:200 | [cam_002] Thời gian xử lý frame 0.00ms
2026-07-02 10:04:24 | DEBUG    | yolo_service:200 | [cam_002] Thời gian xử lý frame 0.00ms
2026-07-02 10:04:24 | DEBUG    | yolo_service:200 | [cam_002] Thời gian xử lý frame 0.00ms
2026-07-02 10:04:24 | DEBUG    | yolo_service:200 | [cam_002] Thời gian xử lý frame 0.59ms
2026-07-02 10:04:24 | DEBUG    | yolo_service:200 | [cam_002] Thời gian xử lý frame 0.00ms
2026-07-02 10:04:24 | DEBUG    | yolo_service:200 | [cam_002] Thời gian xử lý frame 0.51ms
2026-07-02 10:04:24 | DEBUG    | yolo_service:200 | [cam_002] Thời gian xử lý frame 0.00ms
2026-07-02 10:04:24 | DEBUG    | yolo_service:200 | [cam_002] Thời gian xử lý frame 1.00ms
2026-07-02 10:04:24 | DEBUG    | yolo_service:200 | [cam_001] Thời gian xử lý frame 0.00ms
2026-07-02 10:04:24 | DEBUG    | yolo_service:200 | [cam_001] Thời gian xử lý frame 0.00ms
2026-07-02 10:04:24 | DEBUG    | yolo_service:200 | [cam_002] Thời gian xử lý frame 0.00ms
2026-07-02 10:04:24 | DEBUG    | yolo_service:200 | [cam_002] Thời gian xử lý frame 0.00ms
2026-07-02 10:04:24 | DEBUG    | yolo_service:200 | [cam_001] Thời gian xử lý frame 0.00ms
2026-07-02 10:04:24 | DEBUG    | yolo_service:200 | [cam_002] Thời gian xử lý frame 0.00ms
2026-07-02 10:04:24 | DEBUG    | yolo_service:200 | [cam_002] Thời gian xử lý frame 0.89ms
2026-07-02 10:04:24 | DEBUG    | yolo_service:200 | [cam_001] Thời gian xử lý frame 1.02ms
2026-07-02 10:04:24 | DEBUG    | yolo_service:200 | [cam_002] Thời gian xử lý frame 1.01ms
2026-07-02 10:04:24 | DEBUG    | yolo_service:200 | [cam_002] Thời gian xử lý frame 0.00ms
2026-07-02 10:04:24 | INFO     | gallery:233 | REID: thêm dáng vẻ mới cho global_id=0 (2/3 slot)
2026-07-02 10:04:24 | DEBUG    | yolo_service:200 | [cam_001] Thời gian xử lý frame 1.00ms
2026-07-02 10:04:24 | DEBUG    | yolo_service:200 | [cam_002] Thời gian xử lý frame 0.00ms
2026-07-02 10:04:24 | DEBUG    | heartbeat_service:58 | 💓 Nhịp tim gửi Master: {'server_id': 'SV_004', 'cpu_usage': 25.9, 'has_gpu': True, 'gpu_usage': 0, 'vram_free_gb': 3.49, 'max_cam': 2}
2026-07-02 10:04:24 | DEBUG    | connectionpool:241 | Starting new HTTP connection (1): 10.40.91.11:5000
2026-07-02 10:04:25 | DEBUG    | yolo_service:200 | [cam_002] Thời gian xử lý frame 0.00ms
2026-07-02 10:04:25 | DEBUG    | connectionpool:544 | http://10.40.91.11:5000 "POST /api/heartbeat HTTP/1.1" 200 68
2026-07-02 10:04:25 | DEBUG    | yolo_service:200 | [cam_002] Thời gian xử lý frame 0.00ms
2026-07-02 10:04:25 | DEBUG    | yolo_service:200 | [cam_002] Thời gian xử lý frame 1.00ms
2026-07-02 10:04:25 | DEBUG    | yolo_service:200 | [cam_001] Thời gian xử lý frame 0.00ms
2026-07-02 10:04:25 | DEBUG    | yolo_service:200 | [cam_001] Thời gian xử lý frame 0.00ms
2026-07-02 10:04:25 | DEBUG    | yolo_service:200 | [cam_002] Thời gian xử lý frame 0.00ms
2026-07-02 10:04:25 | DEBUG    | yolo_service:200 | [cam_002] Thời gian xử lý frame 0.00ms
2026-07-02 10:04:25 | DEBUG    | yolo_service:200 | [cam_001] Thời gian xử lý frame 0.00ms
2026-07-02 10:04:25 | DEBUG    | yolo_service:200 | [cam_002] Thời gian xử lý frame 0.72ms
2026-07-02 10:04:25 | DEBUG    | yolo_service:200 | [cam_002] Thời gian xử lý frame 0.00ms
2026-07-02 10:04:25 | DEBUG    | yolo_service:200 | [cam_001] Thời gian xử lý frame 0.00ms
2026-07-02 10:04:25 | DEBUG    | yolo_service:200 | [cam_002] Thời gian xử lý frame 1.51ms
2026-07-02 10:04:25 | DEBUG    | yolo_service:200 | [cam_002] Thời gian xử lý frame 0.00ms
2026-07-02 10:04:25 | DEBUG    | yolo_service:200 | [cam_001] Thời gian xử lý frame 0.00ms
2026-07-02 10:04:25 | DEBUG    | yolo_service:200 | [cam_002] Thời gian xử lý frame 0.00ms
2026-07-02 10:04:25 | DEBUG    | yolo_service:200 | [cam_002] Thời gian xử lý frame 0.00ms
2026-07-02 10:04:25 | DEBUG    | yolo_service:200 | [cam_001] Thời gian xử lý frame 0.00ms
2026-07-02 10:04:25 | DEBUG    | yolo_service:200 | [cam_002] Thời gian xử lý frame 1.00ms
2026-07-02 10:04:25 | DEBUG    | yolo_service:200 | [cam_002] Thời gian xử lý frame 0.00ms
2026-07-02 10:04:25 | DEBUG    | yolo_service:200 | [cam_002] Thời gian xử lý frame 0.00ms
2026-07-02 10:04:25 | DEBUG    | yolo_service:200 | [cam_002] Thời gian xử lý frame 0.00ms
2026-07-02 10:04:25 | DEBUG    | yolo_service:200 | [cam_001] Thời gian xử lý frame 0.00ms
2026-07-02 10:04:25 | INFO     | gallery:233 | REID: thêm dáng vẻ mới cho global_id=0 (3/3 slot)
2026-07-02 10:04:25 | DEBUG    | yolo_service:200 | [cam_001] Thời gian xử lý frame 0.00ms
2026-07-02 10:04:25 | DEBUG    | yolo_service:200 | [cam_002] Thời gian xử lý frame 0.52ms
2026-07-02 10:04:25 | DEBUG    | yolo_service:200 | [cam_002] Thời gian xử lý frame 0.00ms
2026-07-02 10:04:25 | DEBUG    | yolo_service:200 | [cam_001] Thời gian xử lý frame 0.00ms
2026-07-02 10:04:25 | DEBUG    | yolo_service:200 | [cam_002] Thời gian xử lý frame 0.00ms
2026-07-02 10:04:26 | DEBUG    | yolo_service:200 | [cam_002] Thời gian xử lý frame 0.00ms
2026-07-02 10:04:26 | DEBUG    | yolo_service:200 | [cam_002] Thời gian xử lý frame 0.00ms
2026-07-02 10:04:26 | DEBUG    | yolo_service:200 | [cam_002] Thời gian xử lý frame 0.00ms
2026-07-02 10:04:26 | DEBUG    | yolo_service:200 | [cam_001] Thời gian xử lý frame 0.00ms
2026-07-02 10:04:26 | DEBUG    | yolo_service:200 | [cam_002] Thời gian xử lý frame 0.00ms
2026-07-02 10:04:26 | DEBUG    | yolo_service:200 | [cam_002] Thời gian xử lý frame 0.00ms
2026-07-02 10:04:26 | DEBUG    | yolo_service:200 | [cam_002] Thời gian xử lý frame 0.00ms
2026-07-02 10:04:26 | DEBUG    | yolo_service:200 | [cam_001] Thời gian xử lý frame 0.00ms
2026-07-02 10:04:26 | DEBUG    | yolo_service:200 | [cam_002] Thời gian xử lý frame 0.00ms
2026-07-02 10:04:26 | DEBUG    | yolo_service:200 | [cam_002] Thời gian xử lý frame 0.00ms
2026-07-02 10:04:26 | DEBUG    | yolo_service:200 | [cam_001] Thời gian xử lý frame 0.00ms
2026-07-02 10:04:26 | DEBUG    | yolo_service:200 | [cam_002] Thời gian xử lý frame 0.00ms
2026-07-02 10:04:26 | DEBUG    | yolo_service:200 | [cam_002] Thời gian xử lý frame 0.00ms
2026-07-02 10:04:26 | DEBUG    | yolo_service:200 | [cam_001] Thời gian xử lý frame 0.00ms
2026-07-02 10:04:26 | DEBUG    | yolo_service:200 | [cam_002] Thời gian xử lý frame 0.00ms
2026-07-02 10:04:26 | DEBUG    | yolo_service:200 | [cam_001] Thời gian xử lý frame 0.00ms
2026-07-02 10:04:26 | DEBUG    | yolo_service:200 | [cam_002] Thời gian xử lý frame 0.00ms
2026-07-02 10:04:26 | DEBUG    | yolo_service:200 | [cam_002] Thời gian xử lý frame 0.84ms
2026-07-02 10:04:26 | DEBUG    | yolo_service:200 | [cam_002] Thời gian xử lý frame 1.02ms
2026-07-02 10:04:26 | DEBUG    | yolo_service:200 | [cam_001] Thời gian xử lý frame 0.56ms
2026-07-02 10:04:26 | DEBUG    | yolo_service:200 | [cam_002] Thời gian xử lý frame 0.00ms
2026-07-02 10:04:26 | DEBUG    | yolo_service:200 | [cam_002] Thời gian xử lý frame 0.00ms
2026-07-02 10:04:26 | DEBUG    | yolo_service:200 | [cam_001] Thời gian xử lý frame 0.00ms
2026-07-02 10:04:26 | DEBUG    | yolo_service:200 | [cam_002] Thời gian xử lý frame 0.00ms
2026-07-02 10:04:26 | DEBUG    | yolo_service:200 | [cam_001] Thời gian xử lý frame 0.00ms
2026-07-02 10:04:26 | DEBUG    | yolo_service:200 | [cam_002] Thời gian xử lý frame 0.00ms
2026-07-02 10:04:26 | DEBUG    | yolo_service:200 | [cam_001] Thời gian xử lý frame 0.00ms
2026-07-02 10:04:26 | DEBUG    | yolo_service:200 | [cam_002] Thời gian xử lý frame 0.00ms
2026-07-02 10:04:26 | DEBUG    | yolo_service:200 | [cam_002] Thời gian xử lý frame 0.00ms
2026-07-02 10:04:26 | DEBUG    | yolo_service:200 | [cam_001] Thời gian xử lý frame 1.04ms
2026-07-02 10:04:26 | DEBUG    | yolo_service:200 | [cam_002] Thời gian xử lý frame 0.00ms
2026-07-02 10:04:26 | DEBUG    | yolo_service:200 | [cam_002] Thời gian xử lý frame 0.00ms
2026-07-02 10:04:26 | DEBUG    | yolo_service:200 | [cam_002] Thời gian xử lý frame 0.00ms
2026-07-02 10:04:27 | DEBUG    | yolo_service:200 | [cam_001] Thời gian xử lý frame 0.00ms
2026-07-02 10:04:27 | DEBUG    | yolo_service:200 | [cam_002] Thời gian xử lý frame 0.00ms
2026-07-02 10:04:27 | DEBUG    | yolo_service:200 | [cam_002] Thời gian xử lý frame 1.09ms
2026-07-02 10:04:27 | DEBUG    | yolo_service:200 | [cam_001] Thời gian xử lý frame 0.00ms
2026-07-02 10:04:27 | DEBUG    | yolo_service:200 | [cam_001] Thời gian xử lý frame 0.00ms
2026-07-02 10:04:27 | DEBUG    | yolo_service:200 | [cam_002] Thời gian xử lý frame 0.00ms
2026-07-02 10:04:27 | DEBUG    | yolo_service:200 | [cam_002] Thời gian xử lý frame 0.00ms
2026-07-02 10:04:27 | DEBUG    | yolo_service:200 | [cam_002] Thời gian xử lý frame 1.05ms
2026-07-02 10:04:27 | DEBUG    | yolo_service:200 | [cam_001] Thời gian xử lý frame 0.59ms
2026-07-02 10:04:27 | DEBUG    | yolo_service:200 | [cam_002] Thời gian xử lý frame 0.00ms
2026-07-02 10:04:27 | DEBUG    | yolo_service:200 | [cam_002] Thời gian xử lý frame 0.93ms
2026-07-02 10:04:27 | DEBUG    | yolo_service:200 | [cam_001] Thời gian xử lý frame 0.00ms
2026-07-02 10:04:27 | DEBUG    | yolo_service:200 | [cam_001] Thời gian xử lý frame 0.00ms
2026-07-02 10:04:27 | DEBUG    | yolo_service:200 | [cam_001] Thời gian xử lý frame 1.00ms
2026-07-02 10:04:27 | DEBUG    | yolo_service:200 | [cam_002] Thời gian xử lý frame 0.00ms
2026-07-02 10:04:27 | DEBUG    | yolo_service:200 | [cam_002] Thời gian xử lý frame 0.00ms
2026-07-02 10:04:27 | DEBUG    | yolo_service:200 | [cam_002] Thời gian xử lý frame 0.00ms
2026-07-02 10:04:27 | DEBUG    | yolo_service:200 | [cam_002] Thời gian xử lý frame 0.00ms
2026-07-02 10:04:27 | DEBUG    | yolo_service:200 | [cam_002] Thời gian xử lý frame 0.51ms
2026-07-02 10:04:27 | DEBUG    | yolo_service:200 | [cam_001] Thời gian xử lý frame 0.00ms
2026-07-02 10:04:27 | DEBUG    | yolo_service:200 | [cam_001] Thời gian xử lý frame 0.00ms
2026-07-02 10:04:27 | DEBUG    | yolo_service:200 | [cam_002] Thời gian xử lý frame 0.51ms
2026-07-02 10:04:27 | DEBUG    | yolo_service:200 | [cam_002] Thời gian xử lý frame 0.00ms
2026-07-02 10:04:27 | DEBUG    | yolo_service:200 | [cam_002] Thời gian xử lý frame 1.01ms
2026-07-02 10:04:27 | DEBUG    | yolo_service:200 | [cam_001] Thời gian xử lý frame 0.00ms
2026-07-02 10:04:27 | DEBUG    | yolo_service:200 | [cam_001] Thời gian xử lý frame 1.00ms
2026-07-02 10:04:27 | DEBUG    | yolo_service:200 | [cam_002] Thời gian xử lý frame 0.00ms
2026-07-02 10:04:27 | DEBUG    | yolo_service:200 | [cam_002] Thời gian xử lý frame 0.00ms
2026-07-02 10:04:27 | DEBUG    | yolo_service:200 | [cam_001] Thời gian xử lý frame 0.00ms
2026-07-02 10:04:27 | DEBUG    | yolo_service:200 | [cam_002] Thời gian xử lý frame 0.59ms
2026-07-02 10:04:27 | DEBUG    | yolo_service:200 | [cam_002] Thời gian xử lý frame 0.00ms
2026-07-02 10:04:27 | DEBUG    | yolo_service:200 | [cam_002] Thời gian xử lý frame 0.00ms
2026-07-02 10:04:27 | DEBUG    | yolo_service:200 | [cam_001] Thời gian xử lý frame 0.78ms
2026-07-02 10:04:27 | DEBUG    | yolo_service:200 | [cam_001] Thời gian xử lý frame 0.00ms
2026-07-02 10:04:27 | DEBUG    | yolo_service:200 | [cam_002] Thời gian xử lý frame 0.00ms
2026-07-02 10:04:27 | DEBUG    | yolo_service:200 | [cam_002] Thời gian xử lý frame 0.00ms
2026-07-02 10:04:28 | DEBUG    | yolo_service:200 | [cam_001] Thời gian xử lý frame 0.00ms
2026-07-02 10:04:28 | DEBUG    | yolo_service:200 | [cam_002] Thời gian xử lý frame 0.00ms
2026-07-02 10:04:28 | DEBUG    | yolo_service:200 | [cam_002] Thời gian xử lý frame 0.00ms
2026-07-02 10:04:28 | DEBUG    | yolo_service:200 | [cam_001] Thời gian xử lý frame 0.00ms
2026-07-02 10:04:28 | DEBUG    | yolo_service:200 | [cam_001] Thời gian xử lý frame 0.31ms
2026-07-02 10:04:28 | DEBUG    | yolo_service:200 | [cam_002] Thời gian xử lý frame 0.00ms
2026-07-02 10:04:28 | DEBUG    | yolo_service:200 | [cam_002] Thời gian xử lý frame 0.00ms
2026-07-02 10:04:28 | DEBUG    | yolo_service:200 | [cam_002] Thời gian xử lý frame 1.02ms
2026-07-02 10:04:28 | DEBUG    | yolo_service:200 | [cam_001] Thời gian xử lý frame 0.00ms
2026-07-02 10:04:28 | DEBUG    | yolo_service:200 | [cam_002] Thời gian xử lý frame 0.00ms
2026-07-02 10:04:28 | DEBUG    | yolo_service:200 | [cam_001] Thời gian xử lý frame 0.00ms
2026-07-02 10:04:28 | DEBUG    | yolo_service:200 | [cam_002] Thời gian xử lý frame 0.00ms
2026-07-02 10:04:28 | DEBUG    | yolo_service:200 | [cam_002] Thời gian xử lý frame 0.00ms
2026-07-02 10:04:28 | DEBUG    | yolo_service:200 | [cam_002] Thời gian xử lý frame 0.00ms
2026-07-02 10:04:28 | DEBUG    | yolo_service:200 | [cam_002] Thời gian xử lý frame 0.00ms
2026-07-02 10:04:28 | DEBUG    | yolo_service:200 | [cam_002] Thời gian xử lý frame 0.00ms
2026-07-02 10:04:28 | DEBUG    | yolo_service:200 | [cam_001] Thời gian xử lý frame 0.00ms
2026-07-02 10:04:28 | DEBUG    | yolo_service:200 | [cam_002] Thời gian xử lý frame 1.00ms
2026-07-02 10:04:28 | DEBUG    | yolo_service:200 | [cam_002] Thời gian xử lý frame 0.00ms
2026-07-02 10:04:28 | DEBUG    | yolo_service:200 | [cam_001] Thời gian xử lý frame 0.00ms
2026-07-02 10:04:28 | DEBUG    | yolo_service:200 | [cam_002] Thời gian xử lý frame 0.00ms
2026-07-02 10:04:28 | DEBUG    | yolo_service:200 | [cam_002] Thời gian xử lý frame 0.00ms
2026-07-02 10:04:28 | DEBUG    | yolo_service:200 | [cam_001] Thời gian xử lý frame 0.00ms
2026-07-02 10:04:28 | DEBUG    | yolo_service:200 | [cam_002] Thời gian xử lý frame 0.00ms
2026-07-02 10:04:28 | DEBUG    | yolo_service:200 | [cam_002] Thời gian xử lý frame 0.00ms
2026-07-02 10:04:28 | DEBUG    | yolo_service:200 | [cam_002] Thời gian xử lý frame 1.00ms
2026-07-02 10:04:28 | DEBUG    | yolo_service:200 | [cam_001] Thời gian xử lý frame 0.00ms
2026-07-02 10:04:28 | DEBUG    | yolo_service:200 | [cam_002] Thời gian xử lý frame 0.00ms
2026-07-02 10:04:28 | DEBUG    | yolo_service:200 | [cam_002] Thời gian xử lý frame 0.00ms
2026-07-02 10:04:28 | DEBUG    | yolo_service:200 | [cam_001] Thời gian xử lý frame 0.56ms
2026-07-02 10:04:28 | DEBUG    | yolo_service:200 | [cam_001] Thời gian xử lý frame 0.00ms
2026-07-02 10:04:28 | DEBUG    | yolo_service:200 | [cam_002] Thời gian xử lý frame 0.00ms
2026-07-02 10:04:28 | DEBUG    | yolo_service:200 | [cam_002] Thời gian xử lý frame 0.00ms
2026-07-02 10:04:28 | DEBUG    | yolo_service:200 | [cam_001] Thời gian xử lý frame 0.00ms
2026-07-02 10:04:29 | DEBUG    | yolo_service:200 | [cam_002] Thời gian xử lý frame 0.00ms
2026-07-02 10:04:29 | DEBUG    | yolo_service:200 | [cam_001] Thời gian xử lý frame 0.00ms
2026-07-02 10:04:29 | DEBUG    | yolo_service:200 | [cam_002] Thời gian xử lý frame 0.00ms
2026-07-02 10:04:29 | DEBUG    | yolo_service:200 | [cam_002] Thời gian xử lý frame 0.00ms
2026-07-02 10:04:29 | DEBUG    | yolo_service:200 | [cam_002] Thời gian xử lý frame 0.00ms
2026-07-02 10:04:29 | DEBUG    | yolo_service:200 | [cam_002] Thời gian xử lý frame 0.53ms
2026-07-02 10:04:29 | DEBUG    | yolo_service:200 | [cam_001] Thời gian xử lý frame 0.00ms
2026-07-02 10:04:29 | DEBUG    | yolo_service:200 | [cam_002] Thời gian xử lý frame 0.00ms
2026-07-02 10:04:29 | DEBUG    | yolo_service:200 | [cam_001] Thời gian xử lý frame 0.00ms
2026-07-02 10:04:29 | DEBUG    | yolo_service:200 | [cam_002] Thời gian xử lý frame 0.00ms
2026-07-02 10:04:29 | DEBUG    | yolo_service:200 | [cam_001] Thời gian xử lý frame 0.00ms
2026-07-02 10:04:29 | DEBUG    | yolo_service:200 | [cam_001] Thời gian xử lý frame 0.44ms
2026-07-02 10:04:29 | DEBUG    | yolo_service:200 | [cam_002] Thời gian xử lý frame 0.00ms
2026-07-02 10:04:29 | DEBUG    | yolo_service:200 | [cam_002] Thời gian xử lý frame 0.00ms
2026-07-02 10:04:29 | DEBUG    | yolo_service:200 | [cam_002] Thời gian xử lý frame 1.00ms
2026-07-02 10:04:29 | DEBUG    | yolo_service:200 | [cam_001] Thời gian xử lý frame 0.49ms
2026-07-02 10:04:29 | DEBUG    | yolo_service:200 | [cam_002] Thời gian xử lý frame 0.00ms
2026-07-02 10:04:29 | DEBUG    | yolo_service:200 | [cam_002] Thời gian xử lý frame 0.00ms
2026-07-02 10:04:29 | DEBUG    | yolo_service:200 | [cam_001] Thời gian xử lý frame 0.98ms
2026-07-02 10:04:29 | DEBUG    | yolo_service:200 | [cam_002] Thời gian xử lý frame 0.00ms
2026-07-02 10:04:29 | DEBUG    | yolo_service:200 | [cam_002] Thời gian xử lý frame 0.00ms
2026-07-02 10:04:29 | DEBUG    | yolo_service:200 | [cam_001] Thời gian xử lý frame 1.00ms
2026-07-02 10:04:29 | DEBUG    | yolo_service:200 | [cam_002] Thời gian xử lý frame 0.00ms
2026-07-02 10:04:29 | DEBUG    | yolo_service:200 | [cam_002] Thời gian xử lý frame 0.00ms
2026-07-02 10:04:29 | DEBUG    | yolo_service:200 | [cam_001] Thời gian xử lý frame 0.00ms
2026-07-02 10:04:29 | DEBUG    | yolo_service:200 | [cam_002] Thời gian xử lý frame 0.00ms
2026-07-02 10:04:29 | DEBUG    | yolo_service:200 | [cam_002] Thời gian xử lý frame 0.55ms
2026-07-02 10:04:29 | DEBUG    | yolo_service:200 | [cam_001] Thời gian xử lý frame 0.00ms
2026-07-02 10:04:29 | DEBUG    | yolo_service:200 | [cam_002] Thời gian xử lý frame 0.52ms
2026-07-02 10:04:29 | DEBUG    | yolo_service:200 | [cam_001] Thời gian xử lý frame 0.00ms
2026-07-02 10:04:29 | DEBUG    | yolo_service:200 | [cam_002] Thời gian xử lý frame 0.53ms
2026-07-02 10:04:29 | DEBUG    | yolo_service:200 | [cam_002] Thời gian xử lý frame 0.00ms
2026-07-02 10:04:30 | DEBUG    | yolo_service:200 | [cam_001] Thời gian xử lý frame 0.00ms
2026-07-02 10:04:30 | DEBUG    | yolo_service:200 | [cam_002] Thời gian xử lý frame 1.02ms
2026-07-02 10:04:30 | DEBUG    | yolo_service:200 | [cam_002] Thời gian xử lý frame 0.00ms
2026-07-02 10:04:30 | DEBUG    | yolo_service:200 | [cam_001] Thời gian xử lý frame 0.00ms
2026-07-02 10:04:30 | DEBUG    | yolo_service:200 | [cam_002] Thời gian xử lý frame 0.00ms
2026-07-02 10:04:30 | DEBUG    | yolo_service:200 | [cam_002] Thời gian xử lý frame 0.00ms
2026-07-02 10:04:30 | DEBUG    | yolo_service:200 | [cam_001] Thời gian xử lý frame 0.00ms
2026-07-02 10:04:30 | DEBUG    | yolo_service:200 | [cam_002] Thời gian xử lý frame 0.00ms
2026-07-02 10:04:30 | DEBUG    | yolo_service:200 | [cam_001] Thời gian xử lý frame 0.00ms
2026-07-02 10:04:30 | DEBUG    | yolo_service:200 | [cam_002] Thời gian xử lý frame 0.00ms
2026-07-02 10:04:30 | DEBUG    | yolo_service:200 | [cam_002] Thời gian xử lý frame 0.00ms
2026-07-02 10:04:30 | DEBUG    | yolo_service:200 | [cam_001] Thời gian xử lý frame 1.00ms
2026-07-02 10:04:30 | DEBUG    | yolo_service:200 | [cam_002] Thời gian xử lý frame 0.00ms
2026-07-02 10:04:30 | DEBUG    | yolo_service:200 | [cam_002] Thời gian xử lý frame 0.35ms
2026-07-02 10:04:30 | DEBUG    | yolo_service:200 | [cam_002] Thời gian xử lý frame 0.00ms
2026-07-02 10:04:30 | DEBUG    | yolo_service:200 | [cam_002] Thời gian xử lý frame 1.01ms
2026-07-02 10:04:30 | DEBUG    | yolo_service:200 | [cam_001] Thời gian xử lý frame 0.00ms
2026-07-02 10:04:30 | DEBUG    | yolo_service:200 | [cam_002] Thời gian xử lý frame 1.00ms
2026-07-02 10:04:30 | DEBUG    | yolo_service:200 | [cam_001] Thời gian xử lý frame 0.00ms
2026-07-02 10:04:30 | DEBUG    | yolo_service:200 | [cam_002] Thời gian xử lý frame 0.00ms
2026-07-02 10:04:30 | DEBUG    | yolo_service:200 | [cam_001] Thời gian xử lý frame 0.00ms
2026-07-02 10:04:30 | DEBUG    | yolo_service:200 | [cam_002] Thời gian xử lý frame 0.00ms
2026-07-02 10:04:30 | DEBUG    | yolo_service:200 | [cam_002] Thời gian xử lý frame 0.00ms
2026-07-02 10:04:30 | DEBUG    | yolo_service:200 | [cam_001] Thời gian xử lý frame 1.00ms
2026-07-02 10:04:30 | DEBUG    | yolo_service:200 | [cam_002] Thời gian xử lý frame 0.00ms
2026-07-02 10:04:30 | DEBUG    | yolo_service:200 | [cam_001] Thời gian xử lý frame 1.00ms
2026-07-02 10:04:30 | DEBUG    | yolo_service:200 | [cam_002] Thời gian xử lý frame 0.49ms
2026-07-02 10:04:30 | DEBUG    | yolo_service:200 | [cam_001] Thời gian xử lý frame 0.00ms
2026-07-02 10:04:30 | DEBUG    | yolo_service:200 | [cam_002] Thời gian xử lý frame 0.00ms
2026-07-02 10:04:30 | DEBUG    | yolo_service:200 | [cam_002] Thời gian xử lý frame 0.00ms
2026-07-02 10:04:31 | DEBUG    | yolo_service:200 | [cam_001] Thời gian xử lý frame 1.02ms
2026-07-02 10:04:31 | DEBUG    | yolo_service:200 | [cam_002] Thời gian xử lý frame 0.00ms
2026-07-02 10:04:31 | DEBUG    | yolo_service:200 | [cam_002] Thời gian xử lý frame 0.00ms
2026-07-02 10:04:31 | DEBUG    | yolo_service:200 | [cam_001] Thời gian xử lý frame 0.00ms
2026-07-02 10:04:31 | DEBUG    | heartbeat_service:58 | 💓 Nhịp tim gửi Master: {'server_id': 'SV_004', 'cpu_usage': 26.3, 'has_gpu': True, 'gpu_usage': 0, 'vram_free_gb': 3.47, 'max_cam': 2}
2026-07-02 10:04:31 | DEBUG    | connectionpool:241 | Starting new HTTP connection (1): 10.40.91.11:5000
2026-07-02 10:04:31 | DEBUG    | connectionpool:544 | http://10.40.91.11:5000 "POST /api/heartbeat HTTP/1.1" 200 68
2026-07-02 10:04:31 | DEBUG    | yolo_service:200 | [cam_002] Thời gian xử lý frame 0.00ms
2026-07-02 10:04:31 | DEBUG    | yolo_service:200 | [cam_001] Thời gian xử lý frame 0.00ms
2026-07-02 10:04:31 | DEBUG    | yolo_service:200 | [cam_002] Thời gian xử lý frame 0.00ms
2026-07-02 10:04:31 | DEBUG    | yolo_service:200 | [cam_001] Thời gian xử lý frame 0.00ms
2026-07-02 10:04:31 | DEBUG    | yolo_service:200 | [cam_002] Thời gian xử lý frame 0.00ms
2026-07-02 10:04:31 | DEBUG    | yolo_service:200 | [cam_001] Thời gian xử lý frame 0.00ms
2026-07-02 10:04:31 | DEBUG    | yolo_service:200 | [cam_002] Thời gian xử lý frame 0.00ms
2026-07-02 10:04:31 | DEBUG    | yolo_service:200 | [cam_002] Thời gian xử lý frame 0.00ms
2026-07-02 10:04:31 | DEBUG    | yolo_service:200 | [cam_001] Thời gian xử lý frame 1.02ms
2026-07-02 10:04:31 | DEBUG    | yolo_service:200 | [cam_002] Thời gian xử lý frame 0.00ms
2026-07-02 10:04:31 | DEBUG    | yolo_service:200 | [cam_002] Thời gian xử lý frame 0.36ms
2026-07-02 10:04:31 | DEBUG    | yolo_service:200 | [cam_002] Thời gian xử lý frame 1.02ms
2026-07-02 10:04:31 | DEBUG    | yolo_service:200 | [cam_001] Thời gian xử lý frame 0.00ms
2026-07-02 10:04:31 | DEBUG    | yolo_service:200 | [cam_002] Thời gian xử lý frame 0.00ms
2026-07-02 10:04:31 | DEBUG    | yolo_service:200 | [cam_002] Thời gian xử lý frame 0.00ms
2026-07-02 10:04:31 | DEBUG    | yolo_service:200 | [cam_002] Thời gian xử lý frame 0.66ms
2026-07-02 10:04:31 | DEBUG    | yolo_service:200 | [cam_001] Thời gian xử lý frame 0.00ms
2026-07-02 10:04:31 | DEBUG    | yolo_service:200 | [cam_002] Thời gian xử lý frame 0.00ms
2026-07-02 10:04:31 | DEBUG    | yolo_service:200 | [cam_001] Thời gian xử lý frame 0.00ms
2026-07-02 10:04:31 | DEBUG    | yolo_service:200 | [cam_002] Thời gian xử lý frame 0.63ms
2026-07-02 10:04:31 | DEBUG    | yolo_service:200 | [cam_002] Thời gian xử lý frame 0.00ms
2026-07-02 10:04:31 | DEBUG    | yolo_service:200 | [cam_002] Thời gian xử lý frame 0.00ms
2026-07-02 10:04:31 | DEBUG    | yolo_service:200 | [cam_001] Thời gian xử lý frame 1.00ms
2026-07-02 10:04:31 | DEBUG    | yolo_service:200 | [cam_002] Thời gian xử lý frame 0.00ms
2026-07-02 10:04:31 | DEBUG    | yolo_service:200 | [cam_002] Thời gian xử lý frame 0.00ms
2026-07-02 10:04:31 | DEBUG    | yolo_service:200 | [cam_001] Thời gian xử lý frame 0.00ms
2026-07-02 10:04:31 | DEBUG    | yolo_service:200 | [cam_002] Thời gian xử lý frame 0.66ms
2026-07-02 10:04:31 | DEBUG    | yolo_service:200 | [cam_001] Thời gian xử lý frame 0.52ms
2026-07-02 10:04:31 | DEBUG    | yolo_service:200 | [cam_001] Thời gian xử lý frame 1.00ms
2026-07-02 10:04:31 | DEBUG    | yolo_service:200 | [cam_002] Thời gian xử lý frame 0.00ms
2026-07-02 10:04:32 | DEBUG    | yolo_service:200 | [cam_002] Thời gian xử lý frame 0.00ms
2026-07-02 10:04:32 | DEBUG    | yolo_service:200 | [cam_002] Thời gian xử lý frame 0.00ms
2026-07-02 10:04:32 | DEBUG    | yolo_service:200 | [cam_002] Thời gian xử lý frame 0.00ms
2026-07-02 10:04:32 | DEBUG    | yolo_service:200 | [cam_001] Thời gian xử lý frame 0.00ms
2026-07-02 10:04:32 | DEBUG    | yolo_service:200 | [cam_002] Thời gian xử lý frame 1.01ms
2026-07-02 10:04:32 | DEBUG    | yolo_service:200 | [cam_002] Thời gian xử lý frame 1.02ms
2026-07-02 10:04:32 | DEBUG    | yolo_service:200 | [cam_001] Thời gian xử lý frame 0.00ms
2026-07-02 10:04:32 | DEBUG    | yolo_service:200 | [cam_002] Thời gian xử lý frame 0.00ms
2026-07-02 10:04:32 | DEBUG    | yolo_service:200 | [cam_002] Thời gian xử lý frame 0.00ms
2026-07-02 10:04:32 | DEBUG    | yolo_service:200 | [cam_001] Thời gian xử lý frame 0.00ms
2026-07-02 10:04:32 | DEBUG    | yolo_service:200 | [cam_002] Thời gian xử lý frame 1.00ms
2026-07-02 10:04:32 | DEBUG    | yolo_service:200 | [cam_002] Thời gian xử lý frame 0.00ms
2026-07-02 10:04:32 | DEBUG    | yolo_service:200 | [cam_001] Thời gian xử lý frame 0.00ms
2026-07-02 10:04:32 | DEBUG    | yolo_service:200 | [cam_002] Thời gian xử lý frame 0.00ms
2026-07-02 10:04:32 | DEBUG    | yolo_service:200 | [cam_002] Thời gian xử lý frame 0.00ms
2026-07-02 10:04:32 | DEBUG    | yolo_service:200 | [cam_002] Thời gian xử lý frame 0.00ms
2026-07-02 10:04:32 | DEBUG    | yolo_service:200 | [cam_001] Thời gian xử lý frame 1.03ms
2026-07-02 10:04:32 | DEBUG    | yolo_service:200 | [cam_002] Thời gian xử lý frame 0.51ms
2026-07-02 10:04:32 | DEBUG    | yolo_service:200 | [cam_002] Thời gian xử lý frame 0.75ms
2026-07-02 10:04:32 | DEBUG    | yolo_service:200 | [cam_001] Thời gian xử lý frame 1.00ms
2026-07-02 10:04:32 | DEBUG    | yolo_service:200 | [cam_002] Thời gian xử lý frame 0.00ms
2026-07-02 10:04:32 | DEBUG    | yolo_service:200 | [cam_002] Thời gian xử lý frame 0.00ms
2026-07-02 10:04:32 | DEBUG    | yolo_service:200 | [cam_001] Thời gian xử lý frame 0.73ms
2026-07-02 10:04:32 | DEBUG    | yolo_service:200 | [cam_002] Thời gian xử lý frame 0.00ms
2026-07-02 10:04:32 | DEBUG    | yolo_service:200 | [cam_002] Thời gian xử lý frame 1.00ms
2026-07-02 10:04:32 | DEBUG    | yolo_service:200 | [cam_001] Thời gian xử lý frame 0.55ms
2026-07-02 10:04:32 | DEBUG    | yolo_service:200 | [cam_002] Thời gian xử lý frame 0.46ms
2026-07-02 10:04:32 | DEBUG    | yolo_service:200 | [cam_002] Thời gian xử lý frame 0.00ms
2026-07-02 10:04:32 | DEBUG    | yolo_service:200 | [cam_002] Thời gian xử lý frame 0.64ms
2026-07-02 10:04:32 | DEBUG    | yolo_service:200 | [cam_001] Thời gian xử lý frame 0.00ms
2026-07-02 10:04:32 | DEBUG    | yolo_service:200 | [cam_002] Thời gian xử lý frame 0.00ms
2026-07-02 10:04:32 | DEBUG    | yolo_service:200 | [cam_002] Thời gian xử lý frame 0.00ms
2026-07-02 10:04:32 | DEBUG    | yolo_service:200 | [cam_002] Thời gian xử lý frame 0.00ms
2026-07-02 10:04:33 | DEBUG    | yolo_service:200 | [cam_001] Thời gian xử lý frame 0.00ms
2026-07-02 10:04:33 | DEBUG    | yolo_service:200 | [cam_002] Thời gian xử lý frame 0.51ms
2026-07-02 10:04:33 | DEBUG    | yolo_service:200 | [cam_002] Thời gian xử lý frame 0.66ms
2026-07-02 10:04:33 | DEBUG    | yolo_service:200 | [cam_001] Thời gian xử lý frame 0.00ms
2026-07-02 10:04:33 | DEBUG    | yolo_service:200 | [cam_002] Thời gian xử lý frame 0.00ms
2026-07-02 10:04:33 | DEBUG    | yolo_service:200 | [cam_001] Thời gian xử lý frame 0.99ms
2026-07-02 10:04:33 | DEBUG    | yolo_service:200 | [cam_002] Thời gian xử lý frame 0.81ms
2026-07-02 10:04:33 | DEBUG    | yolo_service:200 | [cam_001] Thời gian xử lý frame 0.00ms
2026-07-02 10:04:33 | DEBUG    | yolo_service:200 | [cam_002] Thời gian xử lý frame 0.72ms
2026-07-02 10:04:33 | DEBUG    | yolo_service:200 | [cam_002] Thời gian xử lý frame 0.00ms
2026-07-02 10:04:33 | DEBUG    | yolo_service:200 | [cam_001] Thời gian xử lý frame 0.51ms
2026-07-02 10:04:33 | DEBUG    | yolo_service:200 | [cam_001] Thời gian xử lý frame 0.00ms
2026-07-02 10:04:33 | DEBUG    | yolo_service:200 | [cam_002] Thời gian xử lý frame 1.00ms
2026-07-02 10:04:33 | DEBUG    | yolo_service:200 | [cam_002] Thời gian xử lý frame 0.00ms
2026-07-02 10:04:33 | DEBUG    | yolo_service:200 | [cam_001] Thời gian xử lý frame 0.00ms
2026-07-02 10:04:33 | DEBUG    | yolo_service:200 | [cam_002] Thời gian xử lý frame 0.00ms
2026-07-02 10:04:33 | DEBUG    | yolo_service:200 | [cam_002] Thời gian xử lý frame 0.85ms
2026-07-02 10:04:33 | DEBUG    | yolo_service:200 | [cam_001] Thời gian xử lý frame 0.51ms
2026-07-02 10:04:33 | DEBUG    | yolo_service:200 | [cam_002] Thời gian xử lý frame 0.00ms
2026-07-02 10:04:33 | DEBUG    | yolo_service:200 | [cam_002] Thời gian xử lý frame 0.00ms
2026-07-02 10:04:33 | DEBUG    | yolo_service:200 | [cam_001] Thời gian xử lý frame 0.00ms
2026-07-02 10:04:33 | DEBUG    | yolo_service:200 | [cam_002] Thời gian xử lý frame 0.00ms
2026-07-02 10:04:33 | DEBUG    | yolo_service:200 | [cam_002] Thời gian xử lý frame 1.51ms
2026-07-02 10:04:33 | DEBUG    | yolo_service:200 | [cam_002] Thời gian xử lý frame 0.00ms
2026-07-02 10:04:33 | DEBUG    | yolo_service:200 | [cam_001] Thời gian xử lý frame 0.00ms
2026-07-02 10:04:33 | DEBUG    | yolo_service:200 | [cam_002] Thời gian xử lý frame 0.00ms
2026-07-02 10:04:33 | DEBUG    | yolo_service:200 | [cam_001] Thời gian xử lý frame 0.96ms
2026-07-02 10:04:33 | DEBUG    | yolo_service:200 | [cam_002] Thời gian xử lý frame 0.00ms
2026-07-02 10:04:33 | DEBUG    | yolo_service:200 | [cam_002] Thời gian xử lý frame 0.00ms
2026-07-02 10:04:33 | DEBUG    | yolo_service:200 | [cam_002] Thời gian xử lý frame 0.00ms
2026-07-02 10:04:33 | DEBUG    | yolo_service:200 | [cam_002] Thời gian xử lý frame 0.00ms
2026-07-02 10:04:33 | DEBUG    | yolo_service:200 | [cam_001] Thời gian xử lý frame 0.00ms
2026-07-02 10:04:33 | DEBUG    | yolo_service:200 | [cam_002] Thời gian xử lý frame 0.00ms
2026-07-02 10:04:33 | DEBUG    | yolo_service:200 | [cam_001] Thời gian xử lý frame 0.00ms
2026-07-02 10:04:33 | DEBUG    | yolo_service:200 | [cam_002] Thời gian xử lý frame 0.00ms
2026-07-02 10:04:34 | DEBUG    | yolo_service:200 | [cam_002] Thời gian xử lý frame 0.51ms
2026-07-02 10:04:34 | DEBUG    | yolo_service:200 | [cam_002] Thời gian xử lý frame 0.00ms
2026-07-02 10:04:34 | DEBUG    | yolo_service:200 | [cam_001] Thời gian xử lý frame 0.00ms
2026-07-02 10:04:34 | DEBUG    | yolo_service:200 | [cam_002] Thời gian xử lý frame 0.00ms
2026-07-02 10:04:34 | DEBUG    | yolo_service:200 | [cam_002] Thời gian xử lý frame 0.00ms
2026-07-02 10:04:34 | DEBUG    | yolo_service:200 | [cam_001] Thời gian xử lý frame 0.00ms
2026-07-02 10:04:34 | DEBUG    | yolo_service:200 | [cam_002] Thời gian xử lý frame 0.00ms
2026-07-02 10:04:34 | DEBUG    | yolo_service:200 | [cam_001] Thời gian xử lý frame 0.00ms
2026-07-02 10:04:34 | DEBUG    | yolo_service:200 | [cam_002] Thời gian xử lý frame 1.00ms
2026-07-02 10:04:34 | DEBUG    | yolo_service:200 | [cam_001] Thời gian xử lý frame 0.00ms
2026-07-02 10:04:34 | DEBUG    | yolo_service:200 | [cam_002] Thời gian xử lý frame 0.77ms
2026-07-02 10:04:34 | DEBUG    | yolo_service:200 | [cam_002] Thời gian xử lý frame 0.00ms
2026-07-02 10:04:34 | DEBUG    | yolo_service:200 | [cam_001] Thời gian xử lý frame 0.00ms
2026-07-02 10:04:34 | DEBUG    | yolo_service:200 | [cam_002] Thời gian xử lý frame 0.00ms
2026-07-02 10:04:34 | DEBUG    | yolo_service:200 | [cam_002] Thời gian xử lý frame 1.00ms
2026-07-02 10:04:34 | DEBUG    | yolo_service:200 | [cam_001] Thời gian xử lý frame 0.00ms
2026-07-02 10:04:34 | DEBUG    | yolo_service:200 | [cam_002] Thời gian xử lý frame 0.00ms
2026-07-02 10:04:34 | DEBUG    | yolo_service:200 | [cam_001] Thời gian xử lý frame 0.00ms
2026-07-02 10:04:34 | DEBUG    | yolo_service:200 | [cam_002] Thời gian xử lý frame 0.51ms
2026-07-02 10:04:34 | DEBUG    | yolo_service:200 | [cam_002] Thời gian xử lý frame 0.00ms
2026-07-02 10:04:34 | DEBUG    | yolo_service:200 | [cam_002] Thời gian xử lý frame 0.00ms
2026-07-02 10:04:34 | DEBUG    | yolo_service:200 | [cam_001] Thời gian xử lý frame 0.00ms
2026-07-02 10:04:34 | DEBUG    | yolo_service:200 | [cam_002] Thời gian xử lý frame 0.00ms
2026-07-02 10:04:34 | DEBUG    | yolo_service:200 | [cam_002] Thời gian xử lý frame 0.00ms
2026-07-02 10:04:34 | DEBUG    | yolo_service:200 | [cam_001] Thời gian xử lý frame 0.00ms
2026-07-02 10:04:34 | DEBUG    | yolo_service:200 | [cam_002] Thời gian xử lý frame 0.55ms
2026-07-02 10:04:34 | DEBUG    | yolo_service:200 | [cam_002] Thời gian xử lý frame 0.00ms
2026-07-02 10:04:34 | DEBUG    | yolo_service:200 | [cam_002] Thời gian xử lý frame 0.00ms
2026-07-02 10:04:34 | DEBUG    | yolo_service:200 | [cam_001] Thời gian xử lý frame 0.00ms
2026-07-02 10:04:34 | DEBUG    | yolo_service:200 | [cam_002] Thời gian xử lý frame 0.51ms
2026-07-02 10:04:34 | DEBUG    | yolo_service:200 | [cam_002] Thời gian xử lý frame 0.00ms
2026-07-02 10:04:34 | DEBUG    | yolo_service:200 | [cam_001] Thời gian xử lý frame 1.00ms
2026-07-02 10:04:35 | DEBUG    | yolo_service:200 | [cam_002] Thời gian xử lý frame 0.00ms
2026-07-02 10:04:35 | DEBUG    | yolo_service:200 | [cam_002] Thời gian xử lý frame 0.00ms
2026-07-02 10:04:35 | DEBUG    | yolo_service:200 | [cam_001] Thời gian xử lý frame 0.00ms
2026-07-02 10:04:35 | DEBUG    | yolo_service:200 | [cam_002] Thời gian xử lý frame 0.00ms
2026-07-02 10:04:35 | DEBUG    | yolo_service:200 | [cam_001] Thời gian xử lý frame 0.00ms
2026-07-02 10:04:35 | DEBUG    | yolo_service:200 | [cam_002] Thời gian xử lý frame 1.01ms
2026-07-02 10:04:35 | DEBUG    | yolo_service:200 | [cam_001] Thời gian xử lý frame 0.33ms
2026-07-02 10:04:35 | DEBUG    | yolo_service:200 | [cam_002] Thời gian xử lý frame 0.00ms
2026-07-02 10:04:35 | DEBUG    | yolo_service:200 | [cam_001] Thời gian xử lý frame 1.02ms
2026-07-02 10:04:35 | DEBUG    | yolo_service:200 | [cam_002] Thời gian xử lý frame 0.00ms
2026-07-02 10:04:35 | DEBUG    | yolo_service:200 | [cam_001] Thời gian xử lý frame 0.00ms
2026-07-02 10:04:35 | DEBUG    | yolo_service:200 | [cam_002] Thời gian xử lý frame 0.50ms
2026-07-02 10:04:35 | DEBUG    | yolo_service:200 | [cam_002] Thời gian xử lý frame 0.00ms
2026-07-02 10:04:35 | DEBUG    | yolo_service:200 | [cam_001] Thời gian xử lý frame 0.00ms
2026-07-02 10:04:35 | DEBUG    | yolo_service:200 | [cam_002] Thời gian xử lý frame 0.00ms
2026-07-02 10:04:35 | DEBUG    | yolo_service:200 | [cam_002] Thời gian xử lý frame 1.01ms
2026-07-02 10:04:35 | DEBUG    | yolo_service:200 | [cam_001] Thời gian xử lý frame 0.51ms
2026-07-02 10:04:35 | DEBUG    | yolo_service:200 | [cam_002] Thời gian xử lý frame 0.00ms
2026-07-02 10:04:35 | DEBUG    | yolo_service:200 | [cam_001] Thời gian xử lý frame 1.00ms
2026-07-02 10:04:35 | DEBUG    | yolo_service:200 | [cam_002] Thời gian xử lý frame 0.00ms
2026-07-02 10:04:35 | DEBUG    | yolo_service:200 | [cam_002] Thời gian xử lý frame 0.00ms
2026-07-02 10:04:35 | DEBUG    | yolo_service:200 | [cam_002] Thời gian xử lý frame 0.50ms
2026-07-02 10:04:35 | DEBUG    | yolo_service:200 | [cam_001] Thời gian xử lý frame 0.00ms
2026-07-02 10:04:35 | DEBUG    | yolo_service:200 | [cam_001] Thời gian xử lý frame 1.00ms
2026-07-02 10:04:35 | DEBUG    | yolo_service:200 | [cam_002] Thời gian xử lý frame 0.00ms
2026-07-02 10:04:35 | DEBUG    | yolo_service:200 | [cam_002] Thời gian xử lý frame 0.51ms
2026-07-02 10:04:35 | DEBUG    | yolo_service:200 | [cam_001] Thời gian xử lý frame 0.00ms
2026-07-02 10:04:35 | DEBUG    | yolo_service:200 | [cam_002] Thời gian xử lý frame 0.71ms
2026-07-02 10:04:35 | DEBUG    | yolo_service:200 | [cam_001] Thời gian xử lý frame 0.00ms
2026-07-02 10:04:35 | DEBUG    | yolo_service:200 | [cam_002] Thời gian xử lý frame 0.00ms
2026-07-02 10:04:35 | DEBUG    | yolo_service:200 | [cam_001] Thời gian xử lý frame 0.00ms
2026-07-02 10:04:35 | DEBUG    | yolo_service:200 | [cam_001] Thời gian xử lý frame 0.52ms
2026-07-02 10:04:35 | DEBUG    | yolo_service:200 | [cam_002] Thời gian xử lý frame 1.01ms
2026-07-02 10:04:36 | DEBUG    | yolo_service:200 | [cam_002] Thời gian xử lý frame 0.68ms
2026-07-02 10:04:36 | DEBUG    | yolo_service:200 | [cam_002] Thời gian xử lý frame 0.88ms
2026-07-02 10:04:36 | DEBUG    | yolo_service:200 | [cam_002] Thời gian xử lý frame 0.00ms
2026-07-02 10:04:36 | DEBUG    | yolo_service:200 | [cam_001] Thời gian xử lý frame 0.00ms
2026-07-02 10:04:36 | DEBUG    | yolo_service:200 | [cam_002] Thời gian xử lý frame 1.00ms
2026-07-02 10:04:36 | DEBUG    | yolo_service:200 | [cam_001] Thời gian xử lý frame 0.00ms
2026-07-02 10:04:36 | DEBUG    | yolo_service:200 | [cam_002] Thời gian xử lý frame 0.60ms
2026-07-02 10:04:36 | DEBUG    | yolo_service:200 | [cam_002] Thời gian xử lý frame 0.00ms
2026-07-02 10:04:36 | DEBUG    | yolo_service:200 | [cam_002] Thời gian xử lý frame 0.00ms
2026-07-02 10:04:36 | DEBUG    | yolo_service:200 | [cam_001] Thời gian xử lý frame 0.43ms
2026-07-02 10:04:36 | DEBUG    | yolo_service:200 | [cam_002] Thời gian xử lý frame 0.00ms
2026-07-02 10:04:36 | DEBUG    | yolo_service:200 | [cam_001] Thời gian xử lý frame 0.00ms
2026-07-02 10:04:36 | DEBUG    | yolo_service:200 | [cam_002] Thời gian xử lý frame 0.00ms
2026-07-02 10:04:36 | DEBUG    | yolo_service:200 | [cam_002] Thời gian xử lý frame 0.00ms
2026-07-02 10:04:36 | DEBUG    | yolo_service:200 | [cam_001] Thời gian xử lý frame 0.50ms
2026-07-02 10:04:36 | DEBUG    | yolo_service:200 | [cam_002] Thời gian xử lý frame 0.58ms
2026-07-02 10:04:36 | DEBUG    | yolo_service:200 | [cam_001] Thời gian xử lý frame 0.00ms
2026-07-02 10:04:36 | DEBUG    | yolo_service:200 | [cam_002] Thời gian xử lý frame 0.77ms
2026-07-02 10:04:36 | DEBUG    | yolo_service:200 | [cam_002] Thời gian xử lý frame 0.00ms
2026-07-02 10:04:36 | DEBUG    | yolo_service:200 | [cam_001] Thời gian xử lý frame 0.00ms
2026-07-02 10:04:36 | DEBUG    | yolo_service:200 | [cam_002] Thời gian xử lý frame 0.00ms
2026-07-02 10:04:36 | DEBUG    | yolo_service:200 | [cam_001] Thời gian xử lý frame 1.00ms
2026-07-02 10:04:36 | DEBUG    | yolo_service:200 | [cam_002] Thời gian xử lý frame 0.00ms
2026-07-02 10:04:36 | DEBUG    | yolo_service:200 | [cam_001] Thời gian xử lý frame 0.34ms
2026-07-02 10:04:36 | DEBUG    | yolo_service:200 | [cam_002] Thời gian xử lý frame 0.00ms
2026-07-02 10:04:36 | DEBUG    | yolo_service:200 | [cam_002] Thời gian xử lý frame 0.00ms
2026-07-02 10:04:36 | DEBUG    | yolo_service:200 | [cam_001] Thời gian xử lý frame 0.78ms
2026-07-02 10:04:36 | DEBUG    | yolo_service:200 | [cam_002] Thời gian xử lý frame 0.00ms
2026-07-02 10:04:36 | DEBUG    | yolo_service:200 | [cam_002] Thời gian xử lý frame 1.00ms
2026-07-02 10:04:36 | DEBUG    | yolo_service:200 | [cam_001] Thời gian xử lý frame 0.00ms
2026-07-02 10:04:36 | DEBUG    | yolo_service:200 | [cam_002] Thời gian xử lý frame 0.00ms
2026-07-02 10:04:37 | DEBUG    | yolo_service:200 | [cam_001] Thời gian xử lý frame 0.00ms
2026-07-02 10:04:37 | DEBUG    | yolo_service:200 | [cam_002] Thời gian xử lý frame 0.00ms
2026-07-02 10:04:37 | DEBUG    | heartbeat_service:58 | 💓 Nhịp tim gửi Master: {'server_id': 'SV_004', 'cpu_usage': 26.4, 'has_gpu': True, 'gpu_usage': 0, 'vram_free_gb': 3.47, 'max_cam': 2}
2026-07-02 10:04:37 | DEBUG    | connectionpool:241 | Starting new HTTP connection (1): 10.40.91.11:5000
2026-07-02 10:04:37 | INFO     | main:41 | 
🛑 Server YOLO đang tắt máy! Đang báo cáo về Master để xả Camera...
2026-07-02 10:04:37 | DEBUG    | connectionpool:241 | Starting new HTTP connection (1): 10.40.91.11:5000
2026-07-02 10:04:37 | DEBUG    | connectionpool:544 | http://10.40.91.11:5000 "POST /api/heartbeat HTTP/1.1" 200 68
2026-07-02 10:04:37 | DEBUG    | connectionpool:544 | http://10.40.91.11:5000 "POST /api/servers/offline HTTP/1.1" 200 85
2026-07-02 10:04:37 | DEBUG    | main:46 | ✅ Đã bàn giao lại toàn bộ Camera cho Master thành công!

