2026-07-01 17:04:14 | INFO     | main:3 | 🎬 [WORKER] Hệ thống Logger toàn cục theo phiên đã kích hoạt!
2026-07-01 17:04:19 | DEBUG    | __init__:347 | matplotlib data path: C:\Users\Admin\AppData\Local\Programs\Python\Python312\Lib\site-packages\matplotlib\mpl-data
2026-07-01 17:04:19 | DEBUG    | __init__:347 | CONFIGDIR=C:\Users\Admin\.matplotlib
2026-07-01 17:04:19 | DEBUG    | __init__:1564 | interactive is False
2026-07-01 17:04:19 | DEBUG    | __init__:1565 | platform is win32
2026-07-01 17:04:19 | DEBUG    | __init__:347 | CACHEDIR=C:\Users\Admin\.matplotlib
2026-07-01 17:04:19 | DEBUG    | font_manager:1843 | Using fontManager instance from C:\Users\Admin\.matplotlib\fontlist-v3.11.0.json
2026-07-01 17:04:24 | DEBUG    | loader:96 | Environment variable FAISS_OPT_LEVEL is not set, so let's pick the instruction set according to the current CPU
2026-07-01 17:04:24 | INFO     | loader:132 | Loading faiss with AVX2 support.
2026-07-01 17:04:24 | INFO     | loader:137 | Could not load library with AVX2 support due to:
ModuleNotFoundError("No module named 'faiss.swigfaiss_avx2'")
2026-07-01 17:04:24 | INFO     | loader:156 | Loading faiss.
2026-07-01 17:04:24 | INFO     | loader:158 | Successfully loaded faiss.
2026-07-01 17:04:24 | INFO     | main:3 | 🎬 [WORKER] Hệ thống Logger toàn cục theo phiên đã kích hoạt!
2026-07-01 17:04:27 | DEBUG    | __init__:347 | matplotlib data path: C:\Users\Admin\AppData\Local\Programs\Python\Python312\Lib\site-packages\matplotlib\mpl-data
2026-07-01 17:04:27 | DEBUG    | __init__:347 | CONFIGDIR=C:\Users\Admin\.matplotlib
2026-07-01 17:04:27 | DEBUG    | __init__:1564 | interactive is False
2026-07-01 17:04:27 | DEBUG    | __init__:1565 | platform is win32
2026-07-01 17:04:28 | DEBUG    | __init__:347 | CACHEDIR=C:\Users\Admin\.matplotlib
2026-07-01 17:04:28 | DEBUG    | font_manager:1843 | Using fontManager instance from C:\Users\Admin\.matplotlib\fontlist-v3.11.0.json
2026-07-01 17:04:30 | DEBUG    | loader:96 | Environment variable FAISS_OPT_LEVEL is not set, so let's pick the instruction set according to the current CPU
2026-07-01 17:04:30 | INFO     | loader:132 | Loading faiss with AVX2 support.
2026-07-01 17:04:30 | INFO     | loader:137 | Could not load library with AVX2 support due to:
ModuleNotFoundError("No module named 'faiss.swigfaiss_avx2'")
2026-07-01 17:04:30 | INFO     | loader:156 | Loading faiss.
2026-07-01 17:04:30 | INFO     | loader:158 | Successfully loaded faiss.
2026-07-01 17:04:32 | INFO     | main:63 | 
=======================================================
2026-07-01 17:04:32 | INFO     | main:64 | 🤖 WORKER YOLO AI ĐÃ SẴN SÀNG - ĐANG CHỜ MASTER GIAO VIỆC
2026-07-01 17:04:32 | INFO     | main:65 | =======================================================

2026-07-01 17:04:32 | DEBUG    | proactor_events:634 | Using proactor: IocpProactor
2026-07-01 17:04:32 | INFO     | heartbeat_service:68 | 💓 [Heartbeat Service] Đã kích hoạt máy đo nhịp tim chạy ngầm...
2026-07-01 17:04:33 | DEBUG    | heartbeat_service:58 | 💓 Nhịp tim gửi Master: {'server_id': 'SV_004', 'cpu_usage': 32.8, 'has_gpu': True, 'gpu_usage': 0, 'vram_free_gb': 3.87, 'max_cam': 2}
2026-07-01 17:04:33 | DEBUG    | connectionpool:241 | Starting new HTTP connection (1): 10.40.91.11:5000
2026-07-01 17:04:33 | DEBUG    | connectionpool:544 | http://10.40.91.11:5000 "POST /api/heartbeat HTTP/1.1" 200 68
2026-07-01 17:04:40 | DEBUG    | heartbeat_service:58 | 💓 Nhịp tim gửi Master: {'server_id': 'SV_004', 'cpu_usage': 20.4, 'has_gpu': True, 'gpu_usage': 0, 'vram_free_gb': 3.87, 'max_cam': 2}
2026-07-01 17:04:40 | DEBUG    | connectionpool:241 | Starting new HTTP connection (1): 10.40.91.11:5000
2026-07-01 17:04:40 | DEBUG    | connectionpool:544 | http://10.40.91.11:5000 "POST /api/heartbeat HTTP/1.1" 200 68
2026-07-01 17:04:41 | DEBUG    | cameras_router:55 | 
🛑 Nhận lệnh Sync từ Master! Đang dọn dẹp 0 luồng YOLO cũ...
2026-07-01 17:04:43 | DEBUG    | cameras_router:85 | ✅ [OK] Camera cam_001 - Luồng hình ảnh ổn định.
2026-07-01 17:04:45 | DEBUG    | cameras_router:85 | ✅ [OK] Camera cam_002 - Luồng hình ảnh ổn định.
2026-07-01 17:04:45 | INFO     | cameras_router:106 | 📊 [CHIA LÔ] Tổng: 2 Cam. Số YOLO gánh: 2 Process. Mỗi YOLO gánh: 1 Cam.
2026-07-01 17:04:45 | DEBUG    | cameras_router:30 | 🚀 BẮT ĐẦU CHIA LÔ CHO 2 CAMERA (Tối ưu: 1 Cam/1 YOLO) 🚀
2026-07-01 17:04:45 | INFO     | main:3 | 🎬 [WORKER] Hệ thống Logger toàn cục theo phiên đã kích hoạt!
2026-07-01 17:04:47 | DEBUG    | heartbeat_service:58 | 💓 Nhịp tim gửi Master: {'server_id': 'SV_004', 'cpu_usage': 38.3, 'has_gpu': True, 'gpu_usage': 0, 'vram_free_gb': 3.87, 'max_cam': 2}
2026-07-01 17:04:47 | DEBUG    | connectionpool:241 | Starting new HTTP connection (1): 10.40.91.11:5000
2026-07-01 17:04:47 | DEBUG    | connectionpool:544 | http://10.40.91.11:5000 "POST /api/heartbeat HTTP/1.1" 200 68
2026-07-01 17:04:48 | DEBUG    | __init__:347 | matplotlib data path: C:\Users\Admin\AppData\Local\Programs\Python\Python312\Lib\site-packages\matplotlib\mpl-data
2026-07-01 17:04:48 | DEBUG    | __init__:347 | CONFIGDIR=C:\Users\Admin\.matplotlib
2026-07-01 17:04:48 | DEBUG    | __init__:1564 | interactive is False
2026-07-01 17:04:48 | DEBUG    | __init__:1565 | platform is win32
2026-07-01 17:04:48 | DEBUG    | __init__:347 | CACHEDIR=C:\Users\Admin\.matplotlib
2026-07-01 17:04:48 | DEBUG    | font_manager:1843 | Using fontManager instance from C:\Users\Admin\.matplotlib\fontlist-v3.11.0.json
2026-07-01 17:04:51 | DEBUG    | loader:96 | Environment variable FAISS_OPT_LEVEL is not set, so let's pick the instruction set according to the current CPU
2026-07-01 17:04:51 | INFO     | loader:132 | Loading faiss with AVX2 support.
2026-07-01 17:04:51 | INFO     | loader:137 | Could not load library with AVX2 support due to:
ModuleNotFoundError("No module named 'faiss.swigfaiss_avx2'")
2026-07-01 17:04:51 | INFO     | loader:156 | Loading faiss.
2026-07-01 17:04:51 | INFO     | loader:158 | Successfully loaded faiss.
2026-07-01 17:04:51 | INFO     | yolo_service:103 | ⚙️ [YOLO SỐ 1] TIẾP NHẬN LÔ...
2026-07-01 17:04:52 | ERROR    | yolo_service:252 | 🚨 Lỗi nghiêm trọng tại YOLO Process lô số 1: name 'torchreid' is not defined
Traceback (most recent call last):
  File "E:\FullStack_developer\projects\camera\Backend\camera_jolo\service\yolo_service.py", line 111, in ai_worker_process
    export_osnet_to_onnx(weights_path=pth_path, onnx_path=onnx_path)
  File "E:\FullStack_developer\projects\camera\Backend\camera_jolo\service\yolo_service.py", line 69, in export_osnet_to_onnx
    model = torchreid.models.build_model(
            ^^^^^^^^^
NameError: name 'torchreid' is not defined
2026-07-01 17:04:53 | DEBUG    | heartbeat_service:58 | 💓 Nhịp tim gửi Master: {'server_id': 'SV_004', 'cpu_usage': 35.9, 'has_gpu': True, 'gpu_usage': 0, 'vram_free_gb': 3.87, 'max_cam': 2}
2026-07-01 17:04:53 | DEBUG    | connectionpool:241 | Starting new HTTP connection (1): 10.40.91.11:5000
2026-07-01 17:04:53 | DEBUG    | connectionpool:544 | http://10.40.91.11:5000 "POST /api/heartbeat HTTP/1.1" 200 68
2026-07-01 17:05:00 | DEBUG    | heartbeat_service:58 | 💓 Nhịp tim gửi Master: {'server_id': 'SV_004', 'cpu_usage': 28.2, 'has_gpu': True, 'gpu_usage': 0, 'vram_free_gb': 3.87, 'max_cam': 2}
2026-07-01 17:05:00 | DEBUG    | connectionpool:241 | Starting new HTTP connection (1): 10.40.91.11:5000
2026-07-01 17:05:00 | DEBUG    | connectionpool:544 | http://10.40.91.11:5000 "POST /api/heartbeat HTTP/1.1" 200 68
2026-07-01 17:05:00 | INFO     | main:3 | 🎬 [WORKER] Hệ thống Logger toàn cục theo phiên đã kích hoạt!
2026-07-01 17:05:03 | DEBUG    | __init__:347 | matplotlib data path: C:\Users\Admin\AppData\Local\Programs\Python\Python312\Lib\site-packages\matplotlib\mpl-data
2026-07-01 17:05:03 | DEBUG    | __init__:347 | CONFIGDIR=C:\Users\Admin\.matplotlib
2026-07-01 17:05:03 | DEBUG    | __init__:1564 | interactive is False
2026-07-01 17:05:03 | DEBUG    | __init__:1565 | platform is win32
2026-07-01 17:05:03 | DEBUG    | __init__:347 | CACHEDIR=C:\Users\Admin\.matplotlib
2026-07-01 17:05:03 | DEBUG    | font_manager:1843 | Using fontManager instance from C:\Users\Admin\.matplotlib\fontlist-v3.11.0.json
2026-07-01 17:05:06 | DEBUG    | loader:96 | Environment variable FAISS_OPT_LEVEL is not set, so let's pick the instruction set according to the current CPU
2026-07-01 17:05:06 | INFO     | loader:132 | Loading faiss with AVX2 support.
2026-07-01 17:05:06 | INFO     | loader:137 | Could not load library with AVX2 support due to:
ModuleNotFoundError("No module named 'faiss.swigfaiss_avx2'")
2026-07-01 17:05:06 | INFO     | loader:156 | Loading faiss.
2026-07-01 17:05:06 | INFO     | loader:158 | Successfully loaded faiss.
2026-07-01 17:05:06 | INFO     | yolo_service:103 | ⚙️ [YOLO SỐ 2] TIẾP NHẬN LÔ...
2026-07-01 17:05:06 | DEBUG    | heartbeat_service:58 | 💓 Nhịp tim gửi Master: {'server_id': 'SV_004', 'cpu_usage': 40.6, 'has_gpu': True, 'gpu_usage': 0, 'vram_free_gb': 3.87, 'max_cam': 2}
2026-07-01 17:05:06 | DEBUG    | connectionpool:241 | Starting new HTTP connection (1): 10.40.91.11:5000
2026-07-01 17:05:06 | DEBUG    | connectionpool:544 | http://10.40.91.11:5000 "POST /api/heartbeat HTTP/1.1" 200 68
2026-07-01 17:05:06 | ERROR    | yolo_service:252 | 🚨 Lỗi nghiêm trọng tại YOLO Process lô số 2: name 'torchreid' is not defined
Traceback (most recent call last):
  File "E:\FullStack_developer\projects\camera\Backend\camera_jolo\service\yolo_service.py", line 111, in ai_worker_process
    export_osnet_to_onnx(weights_path=pth_path, onnx_path=onnx_path)
  File "E:\FullStack_developer\projects\camera\Backend\camera_jolo\service\yolo_service.py", line 69, in export_osnet_to_onnx
    model = torchreid.models.build_model(
            ^^^^^^^^^
NameError: name 'torchreid' is not defined
2026-07-01 17:05:13 | DEBUG    | heartbeat_service:58 | 💓 Nhịp tim gửi Master: {'server_id': 'SV_004', 'cpu_usage': 26.4, 'has_gpu': True, 'gpu_usage': 0, 'vram_free_gb': 3.87, 'max_cam': 2}
2026-07-01 17:05:13 | DEBUG    | connectionpool:241 | Starting new HTTP connection (1): 10.40.91.11:5000
2026-07-01 17:05:13 | DEBUG    | connectionpool:544 | http://10.40.91.11:5000 "POST /api/heartbeat HTTP/1.1" 200 68
2026-07-01 17:05:20 | DEBUG    | heartbeat_service:58 | 💓 Nhịp tim gửi Master: {'server_id': 'SV_004', 'cpu_usage': 28.4, 'has_gpu': True, 'gpu_usage': 0, 'vram_free_gb': 3.87, 'max_cam': 2}
2026-07-01 17:05:20 | DEBUG    | connectionpool:241 | Starting new HTTP connection (1): 10.40.91.11:5000
2026-07-01 17:05:20 | DEBUG    | connectionpool:544 | http://10.40.91.11:5000 "POST /api/heartbeat HTTP/1.1" 200 68
2026-07-01 17:05:26 | DEBUG    | heartbeat_service:58 | 💓 Nhịp tim gửi Master: {'server_id': 'SV_004', 'cpu_usage': 42.0, 'has_gpu': True, 'gpu_usage': 0, 'vram_free_gb': 3.87, 'max_cam': 2}
2026-07-01 17:05:26 | DEBUG    | connectionpool:241 | Starting new HTTP connection (1): 10.40.91.11:5000
2026-07-01 17:05:26 | DEBUG    | connectionpool:544 | http://10.40.91.11:5000 "POST /api/heartbeat HTTP/1.1" 200 68
2026-07-01 17:05:33 | DEBUG    | heartbeat_service:58 | 💓 Nhịp tim gửi Master: {'server_id': 'SV_004', 'cpu_usage': 30.7, 'has_gpu': True, 'gpu_usage': 0, 'vram_free_gb': 3.87, 'max_cam': 2}
2026-07-01 17:05:33 | DEBUG    | connectionpool:241 | Starting new HTTP connection (1): 10.40.91.11:5000
2026-07-01 17:05:33 | DEBUG    | connectionpool:544 | http://10.40.91.11:5000 "POST /api/heartbeat HTTP/1.1" 200 68
